
1801557 : 0x3d1b164b576f72 : 1 : spill_jit_data :  Jit agent is not initialized
1801557 : 0x3d1b164b5881cd : 2 : ittapi_config_mask_get :  --itt-config mask to be applied: 55
1801557 : 0x3d1b164b5894ce : 2 : ittapi_config_apply_per_lib :  ITTAPI function instrumented: __itt_domain_create
1801557 : 0x3d1b164b589ef9 : 2 : ittapi_config_apply_per_lib :  ITTAPI function instrumented: __itt_module_load_with_sections
1801557 : 0x3d1b164b58ac8d : 2 : ittapi_config_apply_per_lib :  ITTAPI function not implemented: __itt_module_unload_with_sections
1801557 : 0x3d1b164b58b4d0 : 2 : ittapi_config_apply_per_lib :  ITTAPI function instrumented: __itt_string_handle_create
1801557 : 0x3d1b164b58bc14 : 2 : ittapi_config_apply_per_lib :  ITTAPI function instrumented: __itt_counter_create
1801557 : 0x3d1b164b58c26a : 2 : ittapi_config_apply_per_lib :  ITTAPI function instrumented: __itt_counter_create_typed
1801557 : 0x3d1b164b58cb28 : 2 : ittapi_config_apply_per_lib :  ITTAPI function instrumented: __itt_pause
1801557 : 0x3d1b164b58d232 : 2 : ittapi_config_apply_per_lib :  ITTAPI function instrumented: __itt_resume
1801557 : 0x3d1b164b594985 : 2 : ittapi_config_apply_per_lib :  ITTAPI function instrumented: __itt_thread_set_name
1801557 : 0x3d1b164b595409 : 2 : ittapi_config_apply_per_lib :  ITTAPI function instrumented: __itt_thread_ignore
1801557 : 0x3d1b164b595b43 : 2 : ittapi_config_apply_per_lib :  ITTAPI function instrumented: __itt_thr_name_set
1801557 : 0x3d1b164b5962de : 2 : ittapi_config_apply_per_lib :  ITTAPI function instrumented: __itt_thr_ignore
1801557 : 0x3d1b164b596a0c : 2 : ittapi_config_apply_per_lib :  ITTAPI function instrumented: __itt_histogram_create
1801557 : 0x3d1b164b5973c3 : 2 : ittapi_config_apply_per_lib :  ITTAPI function not implemented: __itt_enable_attach
1801557 : 0x3d1b164b599721 : 2 : ittapi_config_apply_per_lib :  ITTAPI function instrumented: __itt_detach
1801557 : 0x3d1b164b599a95 : 2 : ittapi_config_apply_per_lib :  ITTAPI function NOT instrumented (not matched by --itt-config option): __itt_sync_create

1801557 : 0x3d1b164b599fdd : 2 : ittapi_config_apply_per_lib :  ITTAPI function NOT instrumented (not matched by --itt-config option): __itt_sync_rename

1801557 : 0x3d1b164b59a385 : 2 : ittapi_config_apply_per_lib :  ITTAPI function NOT instrumented (not matched by --itt-config option): __itt_sync_destroy

1801557 : 0x3d1b164b59ba52 : 2 : ittapi_config_apply_per_lib :  ITTAPI function NOT instrumented (not matched by --itt-config option): __itt_sync_prepare

1801557 : 0x3d1b164b59be2f : 2 : ittapi_config_apply_per_lib :  ITTAPI function NOT instrumented (not matched by --itt-config option): __itt_sync_cancel

1801557 : 0x3d1b164b59c1e8 : 2 : ittapi_config_apply_per_lib :  ITTAPI function NOT instrumented (not matched by --itt-config option): __itt_sync_acquired

1801557 : 0x3d1b164b59c50f : 2 : ittapi_config_apply_per_lib :  ITTAPI function NOT instrumented (not matched by --itt-config option): __itt_sync_releasing

1801557 : 0x3d1b164b59cd57 : 2 : ittapi_config_apply_per_lib :  ITTAPI function not implemented: __itt_suppress_push
1801557 : 0x3d1b164b59d65b : 2 : ittapi_config_apply_per_lib :  ITTAPI function not implemented: __itt_suppress_pop
1801557 : 0x3d1b164b59e75f : 2 : ittapi_config_apply_per_lib :  ITTAPI function not implemented: __itt_suppress_mark_range
1801557 : 0x3d1b164b59ef99 : 2 : ittapi_config_apply_per_lib :  ITTAPI function not implemented: __itt_suppress_clear_range
1801557 : 0x3d1b164b59f301 : 2 : ittapi_config_apply_per_lib :  ITTAPI function NOT instrumented (not matched by --itt-config option): __itt_sync_prepare

1801557 : 0x3d1b164b59f63d : 2 : ittapi_config_apply_per_lib :  ITTAPI function NOT instrumented (not matched by --itt-config option): __itt_sync_cancel

1801557 : 0x3d1b164b5a085e : 2 : ittapi_config_apply_per_lib :  ITTAPI function NOT instrumented (not matched by --itt-config option): __itt_sync_acquired

1801557 : 0x3d1b164b5a0c04 : 2 : ittapi_config_apply_per_lib :  ITTAPI function NOT instrumented (not matched by --itt-config option): __itt_sync_releasing

1801557 : 0x3d1b164b5a0f82 : 2 : ittapi_config_apply_per_lib :  ITTAPI function NOT instrumented (not matched by --itt-config option): __itt_model_site_begin

1801557 : 0x3d1b164b5a1377 : 2 : ittapi_config_apply_per_lib :  ITTAPI function NOT instrumented (not matched by --itt-config option): __itt_model_site_end

1801557 : 0x3d1b164b5a16c7 : 2 : ittapi_config_apply_per_lib :  ITTAPI function NOT instrumented (not matched by --itt-config option): __itt_model_task_begin

1801557 : 0x3d1b164b5a1a36 : 2 : ittapi_config_apply_per_lib :  ITTAPI function NOT instrumented (not matched by --itt-config option): __itt_model_task_end

1801557 : 0x3d1b164b5a1d5a : 2 : ittapi_config_apply_per_lib :  ITTAPI function NOT instrumented (not matched by --itt-config option): __itt_model_lock_acquire

1801557 : 0x3d1b164b5a2f72 : 2 : ittapi_config_apply_per_lib :  ITTAPI function NOT instrumented (not matched by --itt-config option): __itt_model_lock_release

1801557 : 0x3d1b164b5a3363 : 2 : ittapi_config_apply_per_lib :  ITTAPI function NOT instrumented (not matched by --itt-config option): __itt_model_record_allocation

1801557 : 0x3d1b164b5a36c7 : 2 : ittapi_config_apply_per_lib :  ITTAPI function NOT instrumented (not matched by --itt-config option): __itt_model_record_deallocation

1801557 : 0x3d1b164b5a5c3a : 2 : ittapi_config_apply_per_lib :  ITTAPI function NOT instrumented (not matched by --itt-config option): __itt_model_induction_uses

1801557 : 0x3d1b164b5a60cc : 2 : ittapi_config_apply_per_lib :  ITTAPI function NOT instrumented (not matched by --itt-config option): __itt_model_reduction_uses

1801557 : 0x3d1b164b5a6406 : 2 : ittapi_config_apply_per_lib :  ITTAPI function NOT instrumented (not matched by --itt-config option): __itt_model_observe_uses

1801557 : 0x3d1b164b5a67ef : 2 : ittapi_config_apply_per_lib :  ITTAPI function NOT instrumented (not matched by --itt-config option): __itt_model_clear_uses

1801557 : 0x3d1b164b5a6b5f : 2 : ittapi_config_apply_per_lib :  ITTAPI function NOT instrumented (not matched by --itt-config option): __itt_model_site_beginA

1801557 : 0x3d1b164b5a6eea : 2 : ittapi_config_apply_per_lib :  ITTAPI function NOT instrumented (not matched by --itt-config option): __itt_model_site_beginAL

1801557 : 0x3d1b164b5a7225 : 2 : ittapi_config_apply_per_lib :  ITTAPI function NOT instrumented (not matched by --itt-config option): __itt_model_task_beginA

1801557 : 0x3d1b164b5a759c : 2 : ittapi_config_apply_per_lib :  ITTAPI function NOT instrumented (not matched by --itt-config option): __itt_model_task_beginAL

1801557 : 0x3d1b164b5a794e : 2 : ittapi_config_apply_per_lib :  ITTAPI function NOT instrumented (not matched by --itt-config option): __itt_model_iteration_taskA

1801557 : 0x3d1b164b5a7c88 : 2 : ittapi_config_apply_per_lib :  ITTAPI function NOT instrumented (not matched by --itt-config option): __itt_model_iteration_taskAL

1801557 : 0x3d1b164b5a8f56 : 2 : ittapi_config_apply_per_lib :  ITTAPI function NOT instrumented (not matched by --itt-config option): __itt_model_site_end_2

1801557 : 0x3d1b164b5a930d : 2 : ittapi_config_apply_per_lib :  ITTAPI function NOT instrumented (not matched by --itt-config option): __itt_model_task_end_2

1801557 : 0x3d1b164b5a9644 : 2 : ittapi_config_apply_per_lib :  ITTAPI function NOT instrumented (not matched by --itt-config option): __itt_model_lock_acquire_2

1801557 : 0x3d1b164b5a9a0c : 2 : ittapi_config_apply_per_lib :  ITTAPI function NOT instrumented (not matched by --itt-config option): __itt_model_lock_release_2

1801557 : 0x3d1b164b5a9d3c : 2 : ittapi_config_apply_per_lib :  ITTAPI function NOT instrumented (not matched by --itt-config option): __itt_model_aggregate_task

1801557 : 0x3d1b164b5aa062 : 2 : ittapi_config_apply_per_lib :  ITTAPI function NOT instrumented (not matched by --itt-config option): __itt_model_disable_push

1801557 : 0x3d1b164b5aa39c : 2 : ittapi_config_apply_per_lib :  ITTAPI function NOT instrumented (not matched by --itt-config option): __itt_model_disable_pop

1801557 : 0x3d1b164b5aab3c : 2 : ittapi_config_apply_per_lib :  ITTAPI function instrumented: __itt_heap_function_create
1801557 : 0x3d1b164b5ab22e : 2 : ittapi_config_apply_per_lib :  ITTAPI function instrumented: __itt_heap_allocate_begin
1801557 : 0x3d1b164b5ab929 : 2 : ittapi_config_apply_per_lib :  ITTAPI function instrumented: __itt_heap_allocate_end
1801557 : 0x3d1b164b5adb79 : 2 : ittapi_config_apply_per_lib :  ITTAPI function instrumented: __itt_heap_free_begin
1801557 : 0x3d1b164b5ae270 : 2 : ittapi_config_apply_per_lib :  ITTAPI function instrumented: __itt_heap_free_end
1801557 : 0x3d1b164b5ae965 : 2 : ittapi_config_apply_per_lib :  ITTAPI function instrumented: __itt_heap_reallocate_begin
1801557 : 0x3d1b164b5aefaa : 2 : ittapi_config_apply_per_lib :  ITTAPI function instrumented: __itt_heap_reallocate_end
1801557 : 0x3d1b164b5af7b2 : 2 : ittapi_config_apply_per_lib :  ITTAPI function not implemented: __itt_heap_internal_access_begin
1801557 : 0x3d1b164b5afef7 : 2 : ittapi_config_apply_per_lib :  ITTAPI function not implemented: __itt_heap_internal_access_end
1801557 : 0x3d1b164b5b06eb : 2 : ittapi_config_apply_per_lib :  ITTAPI function not implemented: __itt_heap_record_memory_growth_begin
1801557 : 0x3d1b164b5b0dd2 : 2 : ittapi_config_apply_per_lib :  ITTAPI function not implemented: __itt_heap_record_memory_growth_end
1801557 : 0x3d1b164b5b154c : 2 : ittapi_config_apply_per_lib :  ITTAPI function not implemented: __itt_heap_reset_detection
1801557 : 0x3d1b164b5b1c62 : 2 : ittapi_config_apply_per_lib :  ITTAPI function not implemented: __itt_heap_record
1801557 : 0x3d1b164b5b3459 : 2 : ittapi_config_apply_per_lib :  ITTAPI function not implemented: __itt_id_create
1801557 : 0x3d1b164b5b3c3e : 2 : ittapi_config_apply_per_lib :  ITTAPI function not implemented: __itt_id_destroy
1801557 : 0x3d1b164b5b4283 : 2 : ittapi_config_apply_per_lib :  ITTAPI function instrumented: __itt_get_timestamp
1801557 : 0x3d1b164b5b49ae : 2 : ittapi_config_apply_per_lib :  ITTAPI function not implemented: __itt_region_begin
1801557 : 0x3d1b164b5b5125 : 2 : ittapi_config_apply_per_lib :  ITTAPI function not implemented: __itt_region_end
1801557 : 0x3d1b164b5b5854 : 2 : ittapi_config_apply_per_lib :  ITTAPI function instrumented: __itt_frame_begin_v3
1801557 : 0x3d1b164b5b5ebf : 2 : ittapi_config_apply_per_lib :  ITTAPI function instrumented: __itt_frame_end_v3
1801557 : 0x3d1b164b5b6596 : 2 : ittapi_config_apply_per_lib :  ITTAPI function instrumented: __itt_frame_submit_v3
1801557 : 0x3d1b164b5b6d1b : 2 : ittapi_config_apply_per_lib :  ITTAPI function not implemented: __itt_task_group
1801557 : 0x3d1b164b5b7489 : 2 : ittapi_config_apply_per_lib :  ITTAPI function instrumented: __itt_task_begin
1801557 : 0x3d1b164b5b887c : 2 : ittapi_config_apply_per_lib :  ITTAPI function instrumented: __itt_task_begin_fn
1801557 : 0x3d1b164b5b8f86 : 2 : ittapi_config_apply_per_lib :  ITTAPI function instrumented: __itt_task_end
1801557 : 0x3d1b164b5b979b : 2 : ittapi_config_apply_per_lib :  ITTAPI function not implemented: __itt_counter_inc_v3
1801557 : 0x3d1b164b5b9ef3 : 2 : ittapi_config_apply_per_lib :  ITTAPI function not implemented: __itt_counter_inc_delta_v3
1801557 : 0x3d1b164b5ba64f : 2 : ittapi_config_apply_per_lib :  ITTAPI function not implemented: __itt_counter_dec_v3
1801557 : 0x3d1b164b5bad1b : 2 : ittapi_config_apply_per_lib :  ITTAPI function not implemented: __itt_counter_dec_delta_v3
1801557 : 0x3d1b164b5bb4df : 2 : ittapi_config_apply_per_lib :  ITTAPI function not implemented: __itt_marker
1801557 : 0x3d1b164b5bbb86 : 2 : ittapi_config_apply_per_lib :  ITTAPI function instrumented: __itt_metadata_add
1801557 : 0x3d1b164b5bc2f4 : 2 : ittapi_config_apply_per_lib :  ITTAPI function not implemented: __itt_metadata_str_add
1801557 : 0x3d1b164b5bc9b0 : 2 : ittapi_config_apply_per_lib :  ITTAPI function not implemented: __itt_relation_add_to_current
1801557 : 0x3d1b164b5bdef0 : 2 : ittapi_config_apply_per_lib :  ITTAPI function not implemented: __itt_relation_add
1801557 : 0x3d1b164b5be63f : 2 : ittapi_config_apply_per_lib :  ITTAPI function instrumented: __itt_event_create
1801557 : 0x3d1b164b5becaf : 2 : ittapi_config_apply_per_lib :  ITTAPI function instrumented: __itt_event_start
1801557 : 0x3d1b164b5bf385 : 2 : ittapi_config_apply_per_lib :  ITTAPI function instrumented: __itt_event_end
1801557 : 0x3d1b164b5bf734 : 2 : ittapi_config_apply_per_lib :  ITTAPI function NOT instrumented (not matched by --itt-config option): __itt_sync_set_name

1801557 : 0x3d1b164b5bfaa4 : 2 : ittapi_config_apply_per_lib :  ITTAPI function NOT instrumented (not matched by --itt-config option): __itt_notify_sync_name

1801557 : 0x3d1b164b5bfe48 : 2 : ittapi_config_apply_per_lib :  ITTAPI function NOT instrumented (not matched by --itt-config option): __itt_notify_sync_prepare

1801557 : 0x3d1b164b5c0186 : 2 : ittapi_config_apply_per_lib :  ITTAPI function NOT instrumented (not matched by --itt-config option): __itt_notify_sync_cancel

1801557 : 0x3d1b164b5c04b1 : 2 : ittapi_config_apply_per_lib :  ITTAPI function NOT instrumented (not matched by --itt-config option): __itt_notify_sync_acquired

1801557 : 0x3d1b164b5c07e8 : 2 : ittapi_config_apply_per_lib :  ITTAPI function NOT instrumented (not matched by --itt-config option): __itt_notify_sync_releasing

1801557 : 0x3d1b164b5c243a : 2 : ittapi_config_apply_per_lib :  ITTAPI function not implemented: __itt_memory_read
1801557 : 0x3d1b164b5c2c55 : 2 : ittapi_config_apply_per_lib :  ITTAPI function not implemented: __itt_memory_write
1801557 : 0x3d1b164b5c3320 : 2 : ittapi_config_apply_per_lib :  ITTAPI function not implemented: __itt_memory_update
1801557 : 0x3d1b164b5c3a58 : 2 : ittapi_config_apply_per_lib :  ITTAPI function not implemented: __itt_state_get
1801557 : 0x3d1b164b5c40e3 : 2 : ittapi_config_apply_per_lib :  ITTAPI function not implemented: __itt_state_set
1801557 : 0x3d1b164b5c4858 : 2 : ittapi_config_apply_per_lib :  ITTAPI function not implemented: __itt_obj_mode_set
1801557 : 0x3d1b164b5c4f00 : 2 : ittapi_config_apply_per_lib :  ITTAPI function not implemented: __itt_thr_mode_set
1801557 : 0x3d1b164b5c55b4 : 2 : ittapi_config_apply_per_lib :  ITTAPI function instrumented: __itt_frame_create
1801557 : 0x3d1b164b5c5c01 : 2 : ittapi_config_apply_per_lib :  ITTAPI function instrumented: __itt_pt_region_create
1801557 : 0x3d1b164b5c62a1 : 2 : ittapi_config_apply_per_lib :  ITTAPI function instrumented: __itt_frame_begin
1801557 : 0x3d1b164b5c770a : 2 : ittapi_config_apply_per_lib :  ITTAPI function instrumented: __itt_frame_end
1801557 : 0x3d1b164b5c7e96 : 2 : ittapi_config_apply_per_lib :  ITTAPI function not implemented: __itt_counter_destroy
1801557 : 0x3d1b164b5c8579 : 2 : ittapi_config_apply_per_lib :  ITTAPI function instrumented: __itt_counter_inc
1801557 : 0x3d1b164b5c8c3f : 2 : ittapi_config_apply_per_lib :  ITTAPI function instrumented: __itt_counter_inc_delta
1801557 : 0x3d1b164b5c92f4 : 2 : ittapi_config_apply_per_lib :  ITTAPI function instrumented: __itt_counter_dec
1801557 : 0x3d1b164b5c995e : 2 : ittapi_config_apply_per_lib :  ITTAPI function instrumented: __itt_counter_dec_delta
1801557 : 0x3d1b164b5ca032 : 2 : ittapi_config_apply_per_lib :  ITTAPI function instrumented: __itt_counter_set_value
1801557 : 0x3d1b164b5ca708 : 2 : ittapi_config_apply_per_lib :  ITTAPI function not implemented: __itt_counter_set_value_ex
1801557 : 0x3d1b164b5cae00 : 2 : ittapi_config_apply_per_lib :  ITTAPI function not implemented: __itt_mark_create
1801557 : 0x3d1b164b5cb4cc : 2 : ittapi_config_apply_per_lib :  ITTAPI function not implemented: __itt_mark
1801557 : 0x3d1b164b5cca01 : 2 : ittapi_config_apply_per_lib :  ITTAPI function not implemented: __itt_mark_off
1801557 : 0x3d1b164b5cd1cc : 2 : ittapi_config_apply_per_lib :  ITTAPI function not implemented: __itt_mark_global
1801557 : 0x3d1b164b5cd857 : 2 : ittapi_config_apply_per_lib :  ITTAPI function not implemented: __itt_mark_global_off
1801557 : 0x3d1b164b5cdfdd : 2 : ittapi_config_apply_per_lib :  ITTAPI function instrumented: __itt_stack_caller_create
1801557 : 0x3d1b164b5ce681 : 2 : ittapi_config_apply_per_lib :  ITTAPI function instrumented: __itt_stack_caller_destroy
1801557 : 0x3d1b164b5cedb6 : 2 : ittapi_config_apply_per_lib :  ITTAPI function instrumented: __itt_stack_callee_enter
1801557 : 0x3d1b164b5cf3fe : 2 : ittapi_config_apply_per_lib :  ITTAPI function instrumented: __itt_stack_callee_leave
1801557 : 0x3d1b164b5cfb4c : 2 : ittapi_config_apply_per_lib :  ITTAPI function not implemented: __itt_clock_domain_create
1801557 : 0x3d1b164b5d0220 : 2 : ittapi_config_apply_per_lib :  ITTAPI function not implemented: __itt_clock_domain_reset
1801557 : 0x3d1b164b5d0967 : 2 : ittapi_config_apply_per_lib :  ITTAPI function not implemented: __itt_id_create_ex
1801557 : 0x3d1b164b5d27e8 : 2 : ittapi_config_apply_per_lib :  ITTAPI function not implemented: __itt_id_destroy_ex
1801557 : 0x3d1b164b5d2f91 : 2 : ittapi_config_apply_per_lib :  ITTAPI function not implemented: __itt_task_begin_ex
1801557 : 0x3d1b164b5d3705 : 2 : ittapi_config_apply_per_lib :  ITTAPI function not implemented: __itt_task_begin_fn_ex
1801557 : 0x3d1b164b5d3dd4 : 2 : ittapi_config_apply_per_lib :  ITTAPI function not implemented: __itt_task_end_ex
1801557 : 0x3d1b164b5d44d0 : 2 : ittapi_config_apply_per_lib :  ITTAPI function instrumented: __itt_task_begin_overlapped
1801557 : 0x3d1b164b5d4b71 : 2 : ittapi_config_apply_per_lib :  ITTAPI function not implemented: __itt_task_begin_overlapped_ex
1801557 : 0x3d1b164b5d522c : 2 : ittapi_config_apply_per_lib :  ITTAPI function instrumented: __itt_task_end_overlapped
1801557 : 0x3d1b164b5d594d : 2 : ittapi_config_apply_per_lib :  ITTAPI function not implemented: __itt_task_end_overlapped_ex
1801557 : 0x3d1b164b5d6066 : 2 : ittapi_config_apply_per_lib :  ITTAPI function not implemented: __itt_marker_ex
1801557 : 0x3d1b164b5d67dd : 2 : ittapi_config_apply_per_lib :  ITTAPI function not implemented: __itt_metadata_add_with_scope
1801557 : 0x3d1b164b5d7d22 : 2 : ittapi_config_apply_per_lib :  ITTAPI function not implemented: __itt_metadata_str_add_with_scope
1801557 : 0x3d1b164b5d8487 : 2 : ittapi_config_apply_per_lib :  ITTAPI function not implemented: __itt_relation_add_to_current_ex
1801557 : 0x3d1b164b5d8b08 : 2 : ittapi_config_apply_per_lib :  ITTAPI function not implemented: __itt_relation_add_ex
1801557 : 0x3d1b164b5d926d : 2 : ittapi_config_apply_per_lib :  ITTAPI function not implemented: __itt_track_group_create
1801557 : 0x3d1b164b5d9912 : 2 : ittapi_config_apply_per_lib :  ITTAPI function not implemented: __itt_track_create
1801557 : 0x3d1b164b5da035 : 2 : ittapi_config_apply_per_lib :  ITTAPI function not implemented: __itt_set_track
1801557 : 0x3d1b164b5da693 : 2 : ittapi_config_apply_per_lib :  ITTAPI function instrumented: __itt_api_version
1801557 : 0x3d1b164b5dadbd : 2 : ittapi_config_apply_per_lib :  ITTAPI function not implemented: __itt_av_save
1801557 : 0x3d1b164b5db429 : 2 : ittapi_config_apply_per_lib :  ITTAPI function instrumented: __itt_module_load
1801557 : 0x3d1b164b5dbb2e : 2 : ittapi_config_apply_per_lib :  ITTAPI function not implemented: __itt_module_unload
1801557 : 0x3d1b164b5dcc2f : 2 : ittapi_config_apply_per_lib :  ITTAPI function NOT instrumented (not matched by --itt-config option): __itt_histogram_submit

1801557 : 0x3d1b164b6381a1 : 2 : ittapi_config_mask_get :  --itt-config mask to be applied: 55
1801557 : 0x3d1b164b638fa8 : 2 : ittapi_config_apply_per_lib :  ITTAPI function instrumented: __itt_domain_create
1801557 : 0x3d1b164b63976e : 2 : ittapi_config_apply_per_lib :  ITTAPI function instrumented: __itt_module_load_with_sections
1801557 : 0x3d1b164b63a000 : 2 : ittapi_config_apply_per_lib :  ITTAPI function not implemented: __itt_module_unload_with_sections
1801557 : 0x3d1b164b63a72e : 2 : ittapi_config_apply_per_lib :  ITTAPI function instrumented: __itt_string_handle_create
1801557 : 0x3d1b164b63ada8 : 2 : ittapi_config_apply_per_lib :  ITTAPI function instrumented: __itt_counter_create
1801557 : 0x3d1b164b63b3ea : 2 : ittapi_config_apply_per_lib :  ITTAPI function instrumented: __itt_counter_create_typed
1801557 : 0x3d1b164b63bb29 : 2 : ittapi_config_apply_per_lib :  ITTAPI function instrumented: __itt_pause
1801557 : 0x3d1b164b63c217 : 2 : ittapi_config_apply_per_lib :  ITTAPI function instrumented: __itt_resume
1801557 : 0x3d1b164b63f100 : 2 : ittapi_config_apply_per_lib :  ITTAPI function instrumented: __itt_thread_set_name
1801557 : 0x3d1b164b63f8fa : 2 : ittapi_config_apply_per_lib :  ITTAPI function instrumented: __itt_thread_ignore
1801557 : 0x3d1b164b640013 : 2 : ittapi_config_apply_per_lib :  ITTAPI function instrumented: __itt_thr_name_set
1801557 : 0x3d1b164b640701 : 2 : ittapi_config_apply_per_lib :  ITTAPI function instrumented: __itt_thr_ignore
1801557 : 0x3d1b164b640f21 : 2 : ittapi_config_apply_per_lib :  ITTAPI function not implemented: __itt_enable_attach
1801557 : 0x3d1b164b64153c : 2 : ittapi_config_apply_per_lib :  ITTAPI function instrumented: __itt_detach
1801557 : 0x3d1b164b641909 : 2 : ittapi_config_apply_per_lib :  ITTAPI function NOT instrumented (not matched by --itt-config option): __itt_sync_create

1801557 : 0x3d1b164b641d21 : 2 : ittapi_config_apply_per_lib :  ITTAPI function NOT instrumented (not matched by --itt-config option): __itt_sync_rename

1801557 : 0x3d1b164b6421ff : 2 : ittapi_config_apply_per_lib :  ITTAPI function NOT instrumented (not matched by --itt-config option): __itt_sync_destroy

1801557 : 0x3d1b164b642565 : 2 : ittapi_config_apply_per_lib :  ITTAPI function NOT instrumented (not matched by --itt-config option): __itt_sync_prepare

1801557 : 0x3d1b164b643689 : 2 : ittapi_config_apply_per_lib :  ITTAPI function NOT instrumented (not matched by --itt-config option): __itt_sync_cancel

1801557 : 0x3d1b164b643a58 : 2 : ittapi_config_apply_per_lib :  ITTAPI function NOT instrumented (not matched by --itt-config option): __itt_sync_acquired

1801557 : 0x3d1b164b643d89 : 2 : ittapi_config_apply_per_lib :  ITTAPI function NOT instrumented (not matched by --itt-config option): __itt_sync_releasing

1801557 : 0x3d1b164b6445f0 : 2 : ittapi_config_apply_per_lib :  ITTAPI function not implemented: __itt_suppress_push
1801557 : 0x3d1b164b644e3a : 2 : ittapi_config_apply_per_lib :  ITTAPI function not implemented: __itt_suppress_pop
1801557 : 0x3d1b164b64572a : 2 : ittapi_config_apply_per_lib :  ITTAPI function not implemented: __itt_suppress_mark_range
1801557 : 0x3d1b164b645eab : 2 : ittapi_config_apply_per_lib :  ITTAPI function not implemented: __itt_suppress_clear_range
1801557 : 0x3d1b164b646275 : 2 : ittapi_config_apply_per_lib :  ITTAPI function NOT instrumented (not matched by --itt-config option): __itt_sync_prepare

1801557 : 0x3d1b164b6465c2 : 2 : ittapi_config_apply_per_lib :  ITTAPI function NOT instrumented (not matched by --itt-config option): __itt_sync_cancel

1801557 : 0x3d1b164b6468fd : 2 : ittapi_config_apply_per_lib :  ITTAPI function NOT instrumented (not matched by --itt-config option): __itt_sync_acquired

1801557 : 0x3d1b164b64799f : 2 : ittapi_config_apply_per_lib :  ITTAPI function NOT instrumented (not matched by --itt-config option): __itt_sync_releasing

1801557 : 0x3d1b164b647d88 : 2 : ittapi_config_apply_per_lib :  ITTAPI function NOT instrumented (not matched by --itt-config option): __itt_model_site_begin

1801557 : 0x3d1b164b648113 : 2 : ittapi_config_apply_per_lib :  ITTAPI function NOT instrumented (not matched by --itt-config option): __itt_model_site_end

1801557 : 0x3d1b164b6484d8 : 2 : ittapi_config_apply_per_lib :  ITTAPI function NOT instrumented (not matched by --itt-config option): __itt_model_task_begin

1801557 : 0x3d1b164b648842 : 2 : ittapi_config_apply_per_lib :  ITTAPI function NOT instrumented (not matched by --itt-config option): __itt_model_task_end

1801557 : 0x3d1b164b648b68 : 2 : ittapi_config_apply_per_lib :  ITTAPI function NOT instrumented (not matched by --itt-config option): __itt_model_lock_acquire

1801557 : 0x3d1b164b648eaf : 2 : ittapi_config_apply_per_lib :  ITTAPI function NOT instrumented (not matched by --itt-config option): __itt_model_lock_release

1801557 : 0x3d1b164b64924c : 2 : ittapi_config_apply_per_lib :  ITTAPI function NOT instrumented (not matched by --itt-config option): __itt_model_record_allocation

1801557 : 0x3d1b164b6495bb : 2 : ittapi_config_apply_per_lib :  ITTAPI function NOT instrumented (not matched by --itt-config option): __itt_model_record_deallocation

1801557 : 0x3d1b164b649941 : 2 : ittapi_config_apply_per_lib :  ITTAPI function NOT instrumented (not matched by --itt-config option): __itt_model_induction_uses

1801557 : 0x3d1b164b64b189 : 2 : ittapi_config_apply_per_lib :  ITTAPI function NOT instrumented (not matched by --itt-config option): __itt_model_reduction_uses

1801557 : 0x3d1b164b64b558 : 2 : ittapi_config_apply_per_lib :  ITTAPI function NOT instrumented (not matched by --itt-config option): __itt_model_observe_uses

1801557 : 0x3d1b164b64b89b : 2 : ittapi_config_apply_per_lib :  ITTAPI function NOT instrumented (not matched by --itt-config option): __itt_model_clear_uses

1801557 : 0x3d1b164b64bc4b : 2 : ittapi_config_apply_per_lib :  ITTAPI function NOT instrumented (not matched by --itt-config option): __itt_model_site_beginA

1801557 : 0x3d1b164b64bfb2 : 2 : ittapi_config_apply_per_lib :  ITTAPI function NOT instrumented (not matched by --itt-config option): __itt_model_site_beginAL

1801557 : 0x3d1b164b64c308 : 2 : ittapi_config_apply_per_lib :  ITTAPI function NOT instrumented (not matched by --itt-config option): __itt_model_task_beginA

1801557 : 0x3d1b164b64c613 : 2 : ittapi_config_apply_per_lib :  ITTAPI function NOT instrumented (not matched by --itt-config option): __itt_model_task_beginAL

1801557 : 0x3d1b164b64c9da : 2 : ittapi_config_apply_per_lib :  ITTAPI function NOT instrumented (not matched by --itt-config option): __itt_model_iteration_taskA

1801557 : 0x3d1b164b64cd33 : 2 : ittapi_config_apply_per_lib :  ITTAPI function NOT instrumented (not matched by --itt-config option): __itt_model_iteration_taskAL

1801557 : 0x3d1b164b64d060 : 2 : ittapi_config_apply_per_lib :  ITTAPI function NOT instrumented (not matched by --itt-config option): __itt_model_site_end_2

1801557 : 0x3d1b164b64e1bd : 2 : ittapi_config_apply_per_lib :  ITTAPI function NOT instrumented (not matched by --itt-config option): __itt_model_task_end_2

1801557 : 0x3d1b164b64e53e : 2 : ittapi_config_apply_per_lib :  ITTAPI function NOT instrumented (not matched by --itt-config option): __itt_model_lock_acquire_2

1801557 : 0x3d1b164b64e899 : 2 : ittapi_config_apply_per_lib :  ITTAPI function NOT instrumented (not matched by --itt-config option): __itt_model_lock_release_2

1801557 : 0x3d1b164b64ec0b : 2 : ittapi_config_apply_per_lib :  ITTAPI function NOT instrumented (not matched by --itt-config option): __itt_model_aggregate_task

1801557 : 0x3d1b164b64ef51 : 2 : ittapi_config_apply_per_lib :  ITTAPI function NOT instrumented (not matched by --itt-config option): __itt_model_disable_push

1801557 : 0x3d1b164b64f2dd : 2 : ittapi_config_apply_per_lib :  ITTAPI function NOT instrumented (not matched by --itt-config option): __itt_model_disable_pop

1801557 : 0x3d1b164b64fa26 : 2 : ittapi_config_apply_per_lib :  ITTAPI function instrumented: __itt_heap_function_create
1801557 : 0x3d1b164b6500de : 2 : ittapi_config_apply_per_lib :  ITTAPI function instrumented: __itt_heap_allocate_begin
1801557 : 0x3d1b164b6507b8 : 2 : ittapi_config_apply_per_lib :  ITTAPI function instrumented: __itt_heap_allocate_end
1801557 : 0x3d1b164b650de5 : 2 : ittapi_config_apply_per_lib :  ITTAPI function instrumented: __itt_heap_free_begin
1801557 : 0x3d1b164b65218f : 2 : ittapi_config_apply_per_lib :  ITTAPI function instrumented: __itt_heap_free_end
1801557 : 0x3d1b164b6528c9 : 2 : ittapi_config_apply_per_lib :  ITTAPI function instrumented: __itt_heap_reallocate_begin
1801557 : 0x3d1b164b652f4c : 2 : ittapi_config_apply_per_lib :  ITTAPI function instrumented: __itt_heap_reallocate_end
1801557 : 0x3d1b164b6536f6 : 2 : ittapi_config_apply_per_lib :  ITTAPI function not implemented: __itt_heap_internal_access_begin
1801557 : 0x3d1b164b653e45 : 2 : ittapi_config_apply_per_lib :  ITTAPI function not implemented: __itt_heap_internal_access_end
1801557 : 0x3d1b164b6545db : 2 : ittapi_config_apply_per_lib :  ITTAPI function not implemented: __itt_heap_record_memory_growth_begin
1801557 : 0x3d1b164b654ce2 : 2 : ittapi_config_apply_per_lib :  ITTAPI function not implemented: __itt_heap_record_memory_growth_end
1801557 : 0x3d1b164b65546c : 2 : ittapi_config_apply_per_lib :  ITTAPI function not implemented: __itt_heap_reset_detection
1801557 : 0x3d1b164b655b86 : 2 : ittapi_config_apply_per_lib :  ITTAPI function not implemented: __itt_heap_record
1801557 : 0x3d1b164b6562ea : 2 : ittapi_config_apply_per_lib :  ITTAPI function not implemented: __itt_id_create
1801557 : 0x3d1b164b6581f7 : 2 : ittapi_config_apply_per_lib :  ITTAPI function not implemented: __itt_id_destroy
1801557 : 0x3d1b164b658968 : 2 : ittapi_config_apply_per_lib :  ITTAPI function instrumented: __itt_get_timestamp
1801557 : 0x3d1b164b659088 : 2 : ittapi_config_apply_per_lib :  ITTAPI function not implemented: __itt_region_begin
1801557 : 0x3d1b164b659797 : 2 : ittapi_config_apply_per_lib :  ITTAPI function not implemented: __itt_region_end
1801557 : 0x3d1b164b659ea3 : 2 : ittapi_config_apply_per_lib :  ITTAPI function instrumented: __itt_frame_begin_v3
1801557 : 0x3d1b164b65a4e4 : 2 : ittapi_config_apply_per_lib :  ITTAPI function instrumented: __itt_frame_end_v3
1801557 : 0x3d1b164b65abbc : 2 : ittapi_config_apply_per_lib :  ITTAPI function instrumented: __itt_frame_submit_v3
1801557 : 0x3d1b164b65b301 : 2 : ittapi_config_apply_per_lib :  ITTAPI function not implemented: __itt_task_group
1801557 : 0x3d1b164b65ba07 : 2 : ittapi_config_apply_per_lib :  ITTAPI function instrumented: __itt_task_begin
1801557 : 0x3d1b164b65c057 : 2 : ittapi_config_apply_per_lib :  ITTAPI function instrumented: __itt_task_begin_fn
1801557 : 0x3d1b164b65d4c7 : 2 : ittapi_config_apply_per_lib :  ITTAPI function instrumented: __itt_task_end
1801557 : 0x3d1b164b65dcc5 : 2 : ittapi_config_apply_per_lib :  ITTAPI function not implemented: __itt_counter_inc_v3
1801557 : 0x3d1b164b65e40c : 2 : ittapi_config_apply_per_lib :  ITTAPI function not implemented: __itt_counter_inc_delta_v3
1801557 : 0x3d1b164b65ebb6 : 2 : ittapi_config_apply_per_lib :  ITTAPI function not implemented: __itt_counter_dec_v3
1801557 : 0x3d1b164b65f285 : 2 : ittapi_config_apply_per_lib :  ITTAPI function not implemented: __itt_counter_dec_delta_v3
1801557 : 0x3d1b164b65f9e9 : 2 : ittapi_config_apply_per_lib :  ITTAPI function not implemented: __itt_marker
1801557 : 0x3d1b164b660087 : 2 : ittapi_config_apply_per_lib :  ITTAPI function instrumented: __itt_metadata_add
1801557 : 0x3d1b164b6607a0 : 2 : ittapi_config_apply_per_lib :  ITTAPI function not implemented: __itt_metadata_str_add
1801557 : 0x3d1b164b660e8d : 2 : ittapi_config_apply_per_lib :  ITTAPI function not implemented: __itt_relation_add_to_current
1801557 : 0x3d1b164b66157f : 2 : ittapi_config_apply_per_lib :  ITTAPI function not implemented: __itt_relation_add
1801557 : 0x3d1b164b66293a : 2 : ittapi_config_apply_per_lib :  ITTAPI function instrumented: __itt_event_create
1801557 : 0x3d1b164b662fea : 2 : ittapi_config_apply_per_lib :  ITTAPI function instrumented: __itt_event_start
1801557 : 0x3d1b164b66369b : 2 : ittapi_config_apply_per_lib :  ITTAPI function instrumented: __itt_event_end
1801557 : 0x3d1b164b663a0d : 2 : ittapi_config_apply_per_lib :  ITTAPI function NOT instrumented (not matched by --itt-config option): __itt_sync_set_name

1801557 : 0x3d1b164b663d94 : 2 : ittapi_config_apply_per_lib :  ITTAPI function NOT instrumented (not matched by --itt-config option): __itt_notify_sync_name

1801557 : 0x3d1b164b6640cb : 2 : ittapi_config_apply_per_lib :  ITTAPI function NOT instrumented (not matched by --itt-config option): __itt_notify_sync_prepare

1801557 : 0x3d1b164b66445a : 2 : ittapi_config_apply_per_lib :  ITTAPI function NOT instrumented (not matched by --itt-config option): __itt_notify_sync_cancel

1801557 : 0x3d1b164b664793 : 2 : ittapi_config_apply_per_lib :  ITTAPI function NOT instrumented (not matched by --itt-config option): __itt_notify_sync_acquired

1801557 : 0x3d1b164b664ae0 : 2 : ittapi_config_apply_per_lib :  ITTAPI function NOT instrumented (not matched by --itt-config option): __itt_notify_sync_releasing

1801557 : 0x3d1b164b665250 : 2 : ittapi_config_apply_per_lib :  ITTAPI function not implemented: __itt_memory_read
1801557 : 0x3d1b164b666eaf : 2 : ittapi_config_apply_per_lib :  ITTAPI function not implemented: __itt_memory_write
1801557 : 0x3d1b164b667631 : 2 : ittapi_config_apply_per_lib :  ITTAPI function not implemented: __itt_memory_update
1801557 : 0x3d1b164b667d5c : 2 : ittapi_config_apply_per_lib :  ITTAPI function not implemented: __itt_state_get
1801557 : 0x3d1b164b66841e : 2 : ittapi_config_apply_per_lib :  ITTAPI function not implemented: __itt_state_set
1801557 : 0x3d1b164b668b43 : 2 : ittapi_config_apply_per_lib :  ITTAPI function not implemented: __itt_obj_mode_set
1801557 : 0x3d1b164b6691bc : 2 : ittapi_config_apply_per_lib :  ITTAPI function not implemented: __itt_thr_mode_set
1801557 : 0x3d1b164b669865 : 2 : ittapi_config_apply_per_lib :  ITTAPI function instrumented: __itt_frame_create
1801557 : 0x3d1b164b669ea0 : 2 : ittapi_config_apply_per_lib :  ITTAPI function instrumented: __itt_pt_region_create
1801557 : 0x3d1b164b66a530 : 2 : ittapi_config_apply_per_lib :  ITTAPI function instrumented: __itt_frame_begin
1801557 : 0x3d1b164b66ab59 : 2 : ittapi_config_apply_per_lib :  ITTAPI function instrumented: __itt_frame_end
1801557 : 0x3d1b164b66c076 : 2 : ittapi_config_apply_per_lib :  ITTAPI function not implemented: __itt_counter_destroy
1801557 : 0x3d1b164b66c761 : 2 : ittapi_config_apply_per_lib :  ITTAPI function instrumented: __itt_counter_inc
1801557 : 0x3d1b164b66cdef : 2 : ittapi_config_apply_per_lib :  ITTAPI function instrumented: __itt_counter_inc_delta
1801557 : 0x3d1b164b66d488 : 2 : ittapi_config_apply_per_lib :  ITTAPI function instrumented: __itt_counter_dec
1801557 : 0x3d1b164b66db27 : 2 : ittapi_config_apply_per_lib :  ITTAPI function instrumented: __itt_counter_dec_delta
1801557 : 0x3d1b164b66e1c3 : 2 : ittapi_config_apply_per_lib :  ITTAPI function instrumented: __itt_counter_set_value
1801557 : 0x3d1b164b66e861 : 2 : ittapi_config_apply_per_lib :  ITTAPI function not implemented: __itt_counter_set_value_ex
1801557 : 0x3d1b164b66ef39 : 2 : ittapi_config_apply_per_lib :  ITTAPI function not implemented: __itt_mark_create
1801557 : 0x3d1b164b66f611 : 2 : ittapi_config_apply_per_lib :  ITTAPI function not implemented: __itt_mark
1801557 : 0x3d1b164b66fdb1 : 2 : ittapi_config_apply_per_lib :  ITTAPI function not implemented: __itt_mark_off
1801557 : 0x3d1b164b671202 : 2 : ittapi_config_apply_per_lib :  ITTAPI function not implemented: __itt_mark_global
1801557 : 0x3d1b164b671941 : 2 : ittapi_config_apply_per_lib :  ITTAPI function not implemented: __itt_mark_global_off
1801557 : 0x3d1b164b6720a5 : 2 : ittapi_config_apply_per_lib :  ITTAPI function instrumented: __itt_stack_caller_create
1801557 : 0x3d1b164b67274e : 2 : ittapi_config_apply_per_lib :  ITTAPI function instrumented: __itt_stack_caller_destroy
1801557 : 0x3d1b164b672e3b : 2 : ittapi_config_apply_per_lib :  ITTAPI function instrumented: __itt_stack_callee_enter
1801557 : 0x3d1b164b67349a : 2 : ittapi_config_apply_per_lib :  ITTAPI function instrumented: __itt_stack_callee_leave
1801557 : 0x3d1b164b673bb5 : 2 : ittapi_config_apply_per_lib :  ITTAPI function not implemented: __itt_clock_domain_create
1801557 : 0x3d1b164b6742c5 : 2 : ittapi_config_apply_per_lib :  ITTAPI function not implemented: __itt_clock_domain_reset
1801557 : 0x3d1b164b6749ca : 2 : ittapi_config_apply_per_lib :  ITTAPI function not implemented: __itt_id_create_ex
1801557 : 0x3d1b164b675079 : 2 : ittapi_config_apply_per_lib :  ITTAPI function not implemented: __itt_id_destroy_ex
1801557 : 0x3d1b164b6764f7 : 2 : ittapi_config_apply_per_lib :  ITTAPI function not implemented: __itt_task_begin_ex
1801557 : 0x3d1b164b676cab : 2 : ittapi_config_apply_per_lib :  ITTAPI function not implemented: __itt_task_begin_fn_ex
1801557 : 0x3d1b164b677335 : 2 : ittapi_config_apply_per_lib :  ITTAPI function not implemented: __itt_task_end_ex
1801557 : 0x3d1b164b677a03 : 2 : ittapi_config_apply_per_lib :  ITTAPI function instrumented: __itt_task_begin_overlapped
1801557 : 0x3d1b164b6780be : 2 : ittapi_config_apply_per_lib :  ITTAPI function not implemented: __itt_task_begin_overlapped_ex
1801557 : 0x3d1b164b67876f : 2 : ittapi_config_apply_per_lib :  ITTAPI function instrumented: __itt_task_end_overlapped
1801557 : 0x3d1b164b678e1f : 2 : ittapi_config_apply_per_lib :  ITTAPI function not implemented: __itt_task_end_overlapped_ex
1801557 : 0x3d1b164b6794e5 : 2 : ittapi_config_apply_per_lib :  ITTAPI function not implemented: __itt_marker_ex
1801557 : 0x3d1b164b679bf1 : 2 : ittapi_config_apply_per_lib :  ITTAPI function not implemented: __itt_metadata_add_with_scope
1801557 : 0x3d1b164b67a331 : 2 : ittapi_config_apply_per_lib :  ITTAPI function not implemented: __itt_metadata_str_add_with_scope
1801557 : 0x3d1b164b67c2e7 : 2 : ittapi_config_apply_per_lib :  ITTAPI function not implemented: __itt_relation_add_to_current_ex
1801557 : 0x3d1b164b67ca2c : 2 : ittapi_config_apply_per_lib :  ITTAPI function not implemented: __itt_relation_add_ex
1801557 : 0x3d1b164b67d191 : 2 : ittapi_config_apply_per_lib :  ITTAPI function not implemented: __itt_track_group_create
1801557 : 0x3d1b164b67d81c : 2 : ittapi_config_apply_per_lib :  ITTAPI function not implemented: __itt_track_create
1801557 : 0x3d1b164b67df0c : 2 : ittapi_config_apply_per_lib :  ITTAPI function not implemented: __itt_set_track
1801557 : 0x3d1b164b67e57c : 2 : ittapi_config_apply_per_lib :  ITTAPI function instrumented: __itt_api_version
1801557 : 0x3d1b164b67ec6a : 2 : ittapi_config_apply_per_lib :  ITTAPI function not implemented: __itt_av_save
1801557 : 0x3d1b164b67f2b4 : 2 : ittapi_config_apply_per_lib :  ITTAPI function instrumented: __itt_module_load
1801557 : 0x3d1b164b67f9a0 : 2 : ittapi_config_apply_per_lib :  ITTAPI function not implemented: __itt_module_unload