10 [140078632836224] INFO perfrun.launcher <> - Launcher main begin
11 [140078632836224] INFO perfrun.launcher <> - MessageCatalogInit finished
11 [140078632836224] INFO perfrun.launcher <> - Launcher instance created
11 [140078632836224] INFO perfrun.launcher <> - argc = 6; cmdline = /software/intel/oneapi_hpc_2022.1/vtune/2022.0.0/bin64/amplxe-runss -dump-vdso -r /home/aoviedo/hpc-finance/week-1/L1Demo/Profiling/bs1_profile --tmp-dir /home/aoviedo/amplxe-tmp-aoviedo 
58 [140078632836224] INFO perfrun.launcher <> - create msngr2::ICliToolContext
58 [140078632836224] INFO perfrun.launcher <> - create file finder object
62 [140078506125056] INFO perfrun.launcher <> - plugin [remoteplug] was disabled because it doesn't support the given collection type.
62 [140078506125056] INFO perfrun.launcher <> - plugin [system] was disabled because it doesn't support the given collection type.
62 [140078506125056] INFO perfrun.vdso <> - dumping [vdso] pseudomodule
69 [140078506125056] INFO perfrun.launcher <> - plugin [itt] was disabled because it doesn't support the given collection type.
69 [140078506125056] INFO perfrun.launcher <> - plugin [ptracecollector] was disabled because it doesn't support the given collection type.
69 [140078506125056] INFO perfrun.launcher <> - plugin [gpu] was disabled because it doesn't support the given collection type.
69 [140078506125056] INFO perfrun.launcher <> - plugin [] was disabled because it doesn't support the given collection type.
69 [140078506125056] INFO perfrun.launcher <> - plugin [] was disabled because it doesn't support the given collection type.
69 [140078506125056] INFO perfrun.launcher <> - plugin [] was disabled because it doesn't support the given collection type.
69 [140078506125056] INFO perfrun.launcher <> - plugin [mrte] was disabled because it doesn't support the given collection type.
69 [140078506125056] INFO perfrun.launcher <> - plugin [emon] was disabled because it doesn't support the given collection type.
69 [140078506125056] INFO perfrun.launcher <> - plugin [cuscol] was disabled because it doesn't support the given collection type.
69 [140078506125056] INFO perfrun.launcher <> - plugin [stdsrc] was disabled because it doesn't support the given collection type.
69 [140078506125056] INFO perfrun.launcher <> - plugin [sep] was disabled because it doesn't support the given collection type.
69 [140078506125056] INFO perfrun.launcher <> - plugin [vtsspp] was disabled because it doesn't support the given collection type.
69 [140078506125056] INFO perfrun.launcher <> - plugin [perf] was disabled because it doesn't support the given collection type.
69 [140078506125056] INFO perfrun.launcher <> - plugin [aoclprofile] was disabled because it doesn't support the given collection type.
69 [140078506125056] INFO perfrun.launcher <> - plugin [tpss] was disabled because it doesn't support the given collection type.
69 [140078506125056] INFO perfrun.launcher <> - plugin [exprof] was disabled because it doesn't support the given collection type.
69 [140078506125056] INFO perfrun.launcher <> - plugin [media] was disabled because it doesn't support the given collection type.
69 [140078506125056] INFO perfrun.launcher <> - plugin [] was disabled because it doesn't support the given collection type.
69 [140078506125056] INFO perfrun.launcher <> - plugin [] was disabled because it doesn't support the given collection type.
69 [140078506125056] INFO perfrun.launcher <> - plugin [parallelfs] was disabled because it doesn't support the given collection type.
69 [140078506125056] INFO perfrun.launcher <> - plugin [power] was disabled because it doesn't support the given collection type.
69 [140078506125056] INFO perfrun.launcher <> - plugin [hwloc] was disabled because it doesn't support the given collection type.
69 [140078506125056] INFO perfrun.launcher <> - plugin [ipmwatch] was disabled because it doesn't support the given collection type.
69 [140078506125056] INFO perfrun.launcher <> - plugin [os_counters] was disabled because it doesn't support the given collection type.
69 [140078506125056] INFO perfrun.launcher <> - plugin [l0_metrics] was disabled because it doesn't support the given collection type.
69 [140078632836224] INFO perfrun.launcher <> - Application exit code: 0
69 [140078632836224] INFO perfrun.launcher <> - Exit code: 0
