10 [4132692416] INFO perfrun.launcher <> - Launcher main begin
12 [4132692416] INFO perfrun.launcher <> - MessageCatalogInit finished
12 [4132692416] INFO perfrun.launcher <> - Launcher instance created
12 [4132692416] INFO perfrun.launcher <> - argc = 6; cmdline = /software/intel/oneapi_hpc_2022.1/vtune/2022.0.0/bin32/amplxe-runss -dump-vdso -r /home/aoviedo/hpc-finance/week-1/L1Demo/Profiling/bs1_profile --tmp-dir /home/aoviedo/amplxe-tmp-aoviedo 
28 [4132692416] INFO perfrun.launcher <> - create msngr2::ICliToolContext
28 [4132692416] INFO perfrun.launcher <> - create file finder object
32 [4132019008] INFO perfrun.launcher <> - plugin [remoteplug] was disabled because it doesn't support the given collection type.
32 [4132019008] INFO perfrun.launcher <> - plugin [] was disabled because it doesn't support the given collection type.
32 [4132019008] INFO perfrun.vdso <> - dumping [vdso] pseudomodule
39 [4132019008] INFO perfrun.launcher <> - plugin [] was disabled because it doesn't support the given collection type.
39 [4132019008] INFO perfrun.launcher <> - plugin [] was disabled because it doesn't support the given collection type.
39 [4132019008] INFO perfrun.launcher <> - plugin [] was disabled because it doesn't support the given collection type.
39 [4132019008] INFO perfrun.launcher <> - plugin [] was disabled because it doesn't support the given collection type.
40 [4132019008] INFO perfrun.launcher <> - plugin [] was disabled because it doesn't support the given collection type.
40 [4132019008] INFO perfrun.launcher <> - plugin [] was disabled because it doesn't support the given collection type.
40 [4132019008] INFO perfrun.launcher <> - plugin [] was disabled because it doesn't support the given collection type.
40 [4132019008] INFO perfrun.launcher <> - plugin [] was disabled because it doesn't support the given collection type.
40 [4132019008] INFO perfrun.launcher <> - plugin [] was disabled because it doesn't support the given collection type.
40 [4132019008] INFO perfrun.launcher <> - plugin [] was disabled because it doesn't support the given collection type.
40 [4132019008] INFO perfrun.launcher <> - plugin [] was disabled because it doesn't support the given collection type.
40 [4132019008] INFO perfrun.launcher <> - plugin [] was disabled because it doesn't support the given collection type.
40 [4132019008] INFO perfrun.launcher <> - plugin [] was disabled because it doesn't support the given collection type.
40 [4132019008] INFO perfrun.launcher <> - plugin [] was disabled because it doesn't support the given collection type.
40 [4132019008] INFO perfrun.launcher <> - plugin [] was disabled because it doesn't support the given collection type.
40 [4132019008] INFO perfrun.launcher <> - plugin [] was disabled because it doesn't support the given collection type.
40 [4132019008] INFO perfrun.launcher <> - plugin [] was disabled because it doesn't support the given collection type.
40 [4132019008] INFO perfrun.launcher <> - plugin [] was disabled because it doesn't support the given collection type.
40 [4132019008] INFO perfrun.launcher <> - plugin [] was disabled because it doesn't support the given collection type.
40 [4132019008] INFO perfrun.launcher <> - plugin [] was disabled because it doesn't support the given collection type.
40 [4132019008] INFO perfrun.launcher <> - plugin [] was disabled because it doesn't support the given collection type.
40 [4132019008] INFO perfrun.launcher <> - plugin [] was disabled because it doesn't support the given collection type.
40 [4132019008] INFO perfrun.launcher <> - plugin [] was disabled because it doesn't support the given collection type.
40 [4132019008] INFO perfrun.launcher <> - plugin [] was disabled because it doesn't support the given collection type.
40 [4132019008] INFO perfrun.launcher <> - plugin [] was disabled because it doesn't support the given collection type.
40 [4132692416] INFO perfrun.launcher <> - Application exit code: 0
40 [4132692416] INFO perfrun.launcher <> - Exit code: 0
