
1801224 : 0x3d1ae80f1db9bc : 1 : spill_jit_data :  Jit agent is not initialized
1801224 : 0x3d1ae80f1f613b : 2 : ittapi_config_mask_get :  --itt-config mask to be applied: 55
1801224 : 0x3d1ae80f1f6e60 : 2 : ittapi_config_apply_per_lib :  ITTAPI function instrumented: __itt_domain_create
1801224 : 0x3d1ae80f1f74b7 : 2 : ittapi_config_apply_per_lib :  ITTAPI function instrumented: __itt_module_load_with_sections
1801224 : 0x3d1ae80f1f7f39 : 2 : ittapi_config_apply_per_lib :  ITTAPI function not implemented: __itt_module_unload_with_sections
1801224 : 0x3d1ae80f1f84ab : 2 : ittapi_config_apply_per_lib :  ITTAPI function instrumented: __itt_string_handle_create
1801224 : 0x3d1ae80f1f88a5 : 2 : ittapi_config_apply_per_lib :  ITTAPI function instrumented: __itt_counter_create
1801224 : 0x3d1ae80f1f8c86 : 2 : ittapi_config_apply_per_lib :  ITTAPI function instrumented: __itt_counter_create_typed
1801224 : 0x3d1ae80f1f91ef : 2 : ittapi_config_apply_per_lib :  ITTAPI function instrumented: __itt_pause
1801224 : 0x3d1ae80f1f95c6 : 2 : ittapi_config_apply_per_lib :  ITTAPI function instrumented: __itt_resume
1801224 : 0x3d1ae80f2007c6 : 2 : ittapi_config_apply_per_lib :  ITTAPI function instrumented: __itt_thread_set_name
1801224 : 0x3d1ae80f200e38 : 2 : ittapi_config_apply_per_lib :  ITTAPI function instrumented: __itt_thread_ignore
1801224 : 0x3d1ae80f20123c : 2 : ittapi_config_apply_per_lib :  ITTAPI function instrumented: __itt_thr_name_set
1801224 : 0x3d1ae80f201736 : 2 : ittapi_config_apply_per_lib :  ITTAPI function instrumented: __itt_thr_ignore
1801224 : 0x3d1ae80f201b47 : 2 : ittapi_config_apply_per_lib :  ITTAPI function instrumented: __itt_histogram_create
1801224 : 0x3d1ae80f202206 : 2 : ittapi_config_apply_per_lib :  ITTAPI function not implemented: __itt_enable_attach
1801224 : 0x3d1ae80f202632 : 2 : ittapi_config_apply_per_lib :  ITTAPI function instrumented: __itt_detach
1801224 : 0x3d1ae80f20299c : 2 : ittapi_config_apply_per_lib :  ITTAPI function NOT instrumented (not matched by --itt-config option): __itt_sync_create

1801224 : 0x3d1ae80f202e38 : 2 : ittapi_config_apply_per_lib :  ITTAPI function NOT instrumented (not matched by --itt-config option): __itt_sync_rename

1801224 : 0x3d1ae80f203156 : 2 : ittapi_config_apply_per_lib :  ITTAPI function NOT instrumented (not matched by --itt-config option): __itt_sync_destroy

1801224 : 0x3d1ae80f204420 : 2 : ittapi_config_apply_per_lib :  ITTAPI function NOT instrumented (not matched by --itt-config option): __itt_sync_prepare

1801224 : 0x3d1ae80f20477c : 2 : ittapi_config_apply_per_lib :  ITTAPI function NOT instrumented (not matched by --itt-config option): __itt_sync_cancel

1801224 : 0x3d1ae80f204a67 : 2 : ittapi_config_apply_per_lib :  ITTAPI function NOT instrumented (not matched by --itt-config option): __itt_sync_acquired

1801224 : 0x3d1ae80f204d70 : 2 : ittapi_config_apply_per_lib :  ITTAPI function NOT instrumented (not matched by --itt-config option): __itt_sync_releasing

1801224 : 0x3d1ae80f2068af : 2 : ittapi_config_apply_per_lib :  ITTAPI function not implemented: __itt_suppress_push
1801224 : 0x3d1ae80f206fe7 : 2 : ittapi_config_apply_per_lib :  ITTAPI function not implemented: __itt_suppress_pop
1801224 : 0x3d1ae80f207e86 : 2 : ittapi_config_apply_per_lib :  ITTAPI function not implemented: __itt_suppress_mark_range
1801224 : 0x3d1ae80f2084a8 : 2 : ittapi_config_apply_per_lib :  ITTAPI function not implemented: __itt_suppress_clear_range
1801224 : 0x3d1ae80f2087a6 : 2 : ittapi_config_apply_per_lib :  ITTAPI function NOT instrumented (not matched by --itt-config option): __itt_sync_prepare

1801224 : 0x3d1ae80f208a85 : 2 : ittapi_config_apply_per_lib :  ITTAPI function NOT instrumented (not matched by --itt-config option): __itt_sync_cancel

1801224 : 0x3d1ae80f209a40 : 2 : ittapi_config_apply_per_lib :  ITTAPI function NOT instrumented (not matched by --itt-config option): __itt_sync_acquired

1801224 : 0x3d1ae80f209d92 : 2 : ittapi_config_apply_per_lib :  ITTAPI function NOT instrumented (not matched by --itt-config option): __itt_sync_releasing

1801224 : 0x3d1ae80f20a080 : 2 : ittapi_config_apply_per_lib :  ITTAPI function NOT instrumented (not matched by --itt-config option): __itt_model_site_begin

1801224 : 0x3d1ae80f20a421 : 2 : ittapi_config_apply_per_lib :  ITTAPI function NOT instrumented (not matched by --itt-config option): __itt_model_site_end

1801224 : 0x3d1ae80f20a73e : 2 : ittapi_config_apply_per_lib :  ITTAPI function NOT instrumented (not matched by --itt-config option): __itt_model_task_begin

1801224 : 0x3d1ae80f20a9fc : 2 : ittapi_config_apply_per_lib :  ITTAPI function NOT instrumented (not matched by --itt-config option): __itt_model_task_end

1801224 : 0x3d1ae80f20acb9 : 2 : ittapi_config_apply_per_lib :  ITTAPI function NOT instrumented (not matched by --itt-config option): __itt_model_lock_acquire

1801224 : 0x3d1ae80f20b007 : 2 : ittapi_config_apply_per_lib :  ITTAPI function NOT instrumented (not matched by --itt-config option): __itt_model_lock_release

1801224 : 0x3d1ae80f20b2f0 : 2 : ittapi_config_apply_per_lib :  ITTAPI function NOT instrumented (not matched by --itt-config option): __itt_model_record_allocation

1801224 : 0x3d1ae80f20b5fd : 2 : ittapi_config_apply_per_lib :  ITTAPI function NOT instrumented (not matched by --itt-config option): __itt_model_record_deallocation

1801224 : 0x3d1ae80f20d5f8 : 2 : ittapi_config_apply_per_lib :  ITTAPI function NOT instrumented (not matched by --itt-config option): __itt_model_induction_uses

1801224 : 0x3d1ae80f20d9b2 : 2 : ittapi_config_apply_per_lib :  ITTAPI function NOT instrumented (not matched by --itt-config option): __itt_model_reduction_uses

1801224 : 0x3d1ae80f20dcb7 : 2 : ittapi_config_apply_per_lib :  ITTAPI function NOT instrumented (not matched by --itt-config option): __itt_model_observe_uses

1801224 : 0x3d1ae80f20dff7 : 2 : ittapi_config_apply_per_lib :  ITTAPI function NOT instrumented (not matched by --itt-config option): __itt_model_clear_uses

1801224 : 0x3d1ae80f20e2eb : 2 : ittapi_config_apply_per_lib :  ITTAPI function NOT instrumented (not matched by --itt-config option): __itt_model_site_beginA

1801224 : 0x3d1ae80f20e64d : 2 : ittapi_config_apply_per_lib :  ITTAPI function NOT instrumented (not matched by --itt-config option): __itt_model_site_beginAL

1801224 : 0x3d1ae80f20e906 : 2 : ittapi_config_apply_per_lib :  ITTAPI function NOT instrumented (not matched by --itt-config option): __itt_model_task_beginA

1801224 : 0x3d1ae80f20ec0f : 2 : ittapi_config_apply_per_lib :  ITTAPI function NOT instrumented (not matched by --itt-config option): __itt_model_task_beginAL

1801224 : 0x3d1ae80f20eef0 : 2 : ittapi_config_apply_per_lib :  ITTAPI function NOT instrumented (not matched by --itt-config option): __itt_model_iteration_taskA

1801224 : 0x3d1ae80f20f1a9 : 2 : ittapi_config_apply_per_lib :  ITTAPI function NOT instrumented (not matched by --itt-config option): __itt_model_iteration_taskAL

1801224 : 0x3d1ae80f2100e3 : 2 : ittapi_config_apply_per_lib :  ITTAPI function NOT instrumented (not matched by --itt-config option): __itt_model_site_end_2

1801224 : 0x3d1ae80f210458 : 2 : ittapi_config_apply_per_lib :  ITTAPI function NOT instrumented (not matched by --itt-config option): __itt_model_task_end_2

1801224 : 0x3d1ae80f210737 : 2 : ittapi_config_apply_per_lib :  ITTAPI function NOT instrumented (not matched by --itt-config option): __itt_model_lock_acquire_2

1801224 : 0x3d1ae80f210a91 : 2 : ittapi_config_apply_per_lib :  ITTAPI function NOT instrumented (not matched by --itt-config option): __itt_model_lock_release_2

1801224 : 0x3d1ae80f210d48 : 2 : ittapi_config_apply_per_lib :  ITTAPI function NOT instrumented (not matched by --itt-config option): __itt_model_aggregate_task

1801224 : 0x3d1ae80f211019 : 2 : ittapi_config_apply_per_lib :  ITTAPI function NOT instrumented (not matched by --itt-config option): __itt_model_disable_push

1801224 : 0x3d1ae80f2112d8 : 2 : ittapi_config_apply_per_lib :  ITTAPI function NOT instrumented (not matched by --itt-config option): __itt_model_disable_pop

1801224 : 0x3d1ae80f211765 : 2 : ittapi_config_apply_per_lib :  ITTAPI function instrumented: __itt_heap_function_create
1801224 : 0x3d1ae80f211ba9 : 2 : ittapi_config_apply_per_lib :  ITTAPI function instrumented: __itt_heap_allocate_begin
1801224 : 0x3d1ae80f211f93 : 2 : ittapi_config_apply_per_lib :  ITTAPI function instrumented: __itt_heap_allocate_end
1801224 : 0x3d1ae80f213842 : 2 : ittapi_config_apply_per_lib :  ITTAPI function instrumented: __itt_heap_free_begin
1801224 : 0x3d1ae80f213c67 : 2 : ittapi_config_apply_per_lib :  ITTAPI function instrumented: __itt_heap_free_end
1801224 : 0x3d1ae80f21403c : 2 : ittapi_config_apply_per_lib :  ITTAPI function instrumented: __itt_heap_reallocate_begin
1801224 : 0x3d1ae80f21444b : 2 : ittapi_config_apply_per_lib :  ITTAPI function instrumented: __itt_heap_reallocate_end
1801224 : 0x3d1ae80f214994 : 2 : ittapi_config_apply_per_lib :  ITTAPI function not implemented: __itt_heap_internal_access_begin
1801224 : 0x3d1ae80f214e0a : 2 : ittapi_config_apply_per_lib :  ITTAPI function not implemented: __itt_heap_internal_access_end
1801224 : 0x3d1ae80f2152c8 : 2 : ittapi_config_apply_per_lib :  ITTAPI function not implemented: __itt_heap_record_memory_growth_begin
1801224 : 0x3d1ae80f215769 : 2 : ittapi_config_apply_per_lib :  ITTAPI function not implemented: __itt_heap_record_memory_growth_end
1801224 : 0x3d1ae80f215c0b : 2 : ittapi_config_apply_per_lib :  ITTAPI function not implemented: __itt_heap_reset_detection
1801224 : 0x3d1ae80f2160e4 : 2 : ittapi_config_apply_per_lib :  ITTAPI function not implemented: __itt_heap_record
1801224 : 0x3d1ae80f217299 : 2 : ittapi_config_apply_per_lib :  ITTAPI function not implemented: __itt_id_create
1801224 : 0x3d1ae80f21778c : 2 : ittapi_config_apply_per_lib :  ITTAPI function not implemented: __itt_id_destroy
1801224 : 0x3d1ae80f217bbf : 2 : ittapi_config_apply_per_lib :  ITTAPI function instrumented: __itt_get_timestamp
1801224 : 0x3d1ae80f21804e : 2 : ittapi_config_apply_per_lib :  ITTAPI function not implemented: __itt_region_begin
1801224 : 0x3d1ae80f2184cc : 2 : ittapi_config_apply_per_lib :  ITTAPI function not implemented: __itt_region_end
1801224 : 0x3d1ae80f218906 : 2 : ittapi_config_apply_per_lib :  ITTAPI function instrumented: __itt_frame_begin_v3
1801224 : 0x3d1ae80f218d21 : 2 : ittapi_config_apply_per_lib :  ITTAPI function instrumented: __itt_frame_end_v3
1801224 : 0x3d1ae80f219139 : 2 : ittapi_config_apply_per_lib :  ITTAPI function instrumented: __itt_frame_submit_v3
1801224 : 0x3d1ae80f2195e6 : 2 : ittapi_config_apply_per_lib :  ITTAPI function not implemented: __itt_task_group
1801224 : 0x3d1ae80f219a57 : 2 : ittapi_config_apply_per_lib :  ITTAPI function instrumented: __itt_task_begin
1801224 : 0x3d1ae80f21aaf0 : 2 : ittapi_config_apply_per_lib :  ITTAPI function instrumented: __itt_task_begin_fn
1801224 : 0x3d1ae80f21af58 : 2 : ittapi_config_apply_per_lib :  ITTAPI function instrumented: __itt_task_end
1801224 : 0x3d1ae80f21b43f : 2 : ittapi_config_apply_per_lib :  ITTAPI function not implemented: __itt_counter_inc_v3
1801224 : 0x3d1ae80f21b941 : 2 : ittapi_config_apply_per_lib :  ITTAPI function not implemented: __itt_counter_inc_delta_v3
1801224 : 0x3d1ae80f21bda6 : 2 : ittapi_config_apply_per_lib :  ITTAPI function not implemented: __itt_counter_dec_v3
1801224 : 0x3d1ae80f21c1ce : 2 : ittapi_config_apply_per_lib :  ITTAPI function not implemented: __itt_counter_dec_delta_v3
1801224 : 0x3d1ae80f21c6cb : 2 : ittapi_config_apply_per_lib :  ITTAPI function not implemented: __itt_marker
1801224 : 0x3d1ae80f21cad4 : 2 : ittapi_config_apply_per_lib :  ITTAPI function instrumented: __itt_metadata_add
1801224 : 0x3d1ae80f21cf91 : 2 : ittapi_config_apply_per_lib :  ITTAPI function not implemented: __itt_metadata_str_add
1801224 : 0x3d1ae80f21d43c : 2 : ittapi_config_apply_per_lib :  ITTAPI function not implemented: __itt_relation_add_to_current
1801224 : 0x3d1ae80f21e489 : 2 : ittapi_config_apply_per_lib :  ITTAPI function not implemented: __itt_relation_add
1801224 : 0x3d1ae80f21e8ef : 2 : ittapi_config_apply_per_lib :  ITTAPI function instrumented: __itt_event_create
1801224 : 0x3d1ae80f21ecb6 : 2 : ittapi_config_apply_per_lib :  ITTAPI function instrumented: __itt_event_start
1801224 : 0x3d1ae80f21f10e : 2 : ittapi_config_apply_per_lib :  ITTAPI function instrumented: __itt_event_end
1801224 : 0x3d1ae80f21f441 : 2 : ittapi_config_apply_per_lib :  ITTAPI function NOT instrumented (not matched by --itt-config option): __itt_sync_set_name

1801224 : 0x3d1ae80f21f76b : 2 : ittapi_config_apply_per_lib :  ITTAPI function NOT instrumented (not matched by --itt-config option): __itt_notify_sync_name

1801224 : 0x3d1ae80f21fa88 : 2 : ittapi_config_apply_per_lib :  ITTAPI function NOT instrumented (not matched by --itt-config option): __itt_notify_sync_prepare

1801224 : 0x3d1ae80f21fdba : 2 : ittapi_config_apply_per_lib :  ITTAPI function NOT instrumented (not matched by --itt-config option): __itt_notify_sync_cancel

1801224 : 0x3d1ae80f220094 : 2 : ittapi_config_apply_per_lib :  ITTAPI function NOT instrumented (not matched by --itt-config option): __itt_notify_sync_acquired

1801224 : 0x3d1ae80f220384 : 2 : ittapi_config_apply_per_lib :  ITTAPI function NOT instrumented (not matched by --itt-config option): __itt_notify_sync_releasing

1801224 : 0x3d1ae80f221b17 : 2 : ittapi_config_apply_per_lib :  ITTAPI function not implemented: __itt_memory_read
1801224 : 0x3d1ae80f222011 : 2 : ittapi_config_apply_per_lib :  ITTAPI function not implemented: __itt_memory_write
1801224 : 0x3d1ae80f222470 : 2 : ittapi_config_apply_per_lib :  ITTAPI function not implemented: __itt_memory_update
1801224 : 0x3d1ae80f222918 : 2 : ittapi_config_apply_per_lib :  ITTAPI function not implemented: __itt_state_get
1801224 : 0x3d1ae80f222d17 : 2 : ittapi_config_apply_per_lib :  ITTAPI function not implemented: __itt_state_set
1801224 : 0x3d1ae80f223150 : 2 : ittapi_config_apply_per_lib :  ITTAPI function not implemented: __itt_obj_mode_set
1801224 : 0x3d1ae80f223550 : 2 : ittapi_config_apply_per_lib :  ITTAPI function not implemented: __itt_thr_mode_set
1801224 : 0x3d1ae80f223955 : 2 : ittapi_config_apply_per_lib :  ITTAPI function instrumented: __itt_frame_create
1801224 : 0x3d1ae80f223ce7 : 2 : ittapi_config_apply_per_lib :  ITTAPI function instrumented: __itt_pt_region_create
1801224 : 0x3d1ae80f224094 : 2 : ittapi_config_apply_per_lib :  ITTAPI function instrumented: __itt_frame_begin
1801224 : 0x3d1ae80f224fe0 : 2 : ittapi_config_apply_per_lib :  ITTAPI function instrumented: __itt_frame_end
1801224 : 0x3d1ae80f2254e3 : 2 : ittapi_config_apply_per_lib :  ITTAPI function not implemented: __itt_counter_destroy
1801224 : 0x3d1ae80f2258ab : 2 : ittapi_config_apply_per_lib :  ITTAPI function instrumented: __itt_counter_inc
1801224 : 0x3d1ae80f225d08 : 2 : ittapi_config_apply_per_lib :  ITTAPI function instrumented: __itt_counter_inc_delta
1801224 : 0x3d1ae80f2260ba : 2 : ittapi_config_apply_per_lib :  ITTAPI function instrumented: __itt_counter_dec
1801224 : 0x3d1ae80f2264bc : 2 : ittapi_config_apply_per_lib :  ITTAPI function instrumented: __itt_counter_dec_delta
1801224 : 0x3d1ae80f226884 : 2 : ittapi_config_apply_per_lib :  ITTAPI function instrumented: __itt_counter_set_value
1801224 : 0x3d1ae80f226cf8 : 2 : ittapi_config_apply_per_lib :  ITTAPI function not implemented: __itt_counter_set_value_ex
1801224 : 0x3d1ae80f2270ed : 2 : ittapi_config_apply_per_lib :  ITTAPI function not implemented: __itt_mark_create
1801224 : 0x3d1ae80f227521 : 2 : ittapi_config_apply_per_lib :  ITTAPI function not implemented: __itt_mark
1801224 : 0x3d1ae80f228694 : 2 : ittapi_config_apply_per_lib :  ITTAPI function not implemented: __itt_mark_off
1801224 : 0x3d1ae80f228b3a : 2 : ittapi_config_apply_per_lib :  ITTAPI function not implemented: __itt_mark_global
1801224 : 0x3d1ae80f228f4b : 2 : ittapi_config_apply_per_lib :  ITTAPI function not implemented: __itt_mark_global_off
1801224 : 0x3d1ae80f229451 : 2 : ittapi_config_apply_per_lib :  ITTAPI function instrumented: __itt_stack_caller_create
1801224 : 0x3d1ae80f229862 : 2 : ittapi_config_apply_per_lib :  ITTAPI function instrumented: __itt_stack_caller_destroy
1801224 : 0x3d1ae80f229c5d : 2 : ittapi_config_apply_per_lib :  ITTAPI function instrumented: __itt_stack_callee_enter
1801224 : 0x3d1ae80f22a042 : 2 : ittapi_config_apply_per_lib :  ITTAPI function instrumented: __itt_stack_callee_leave
1801224 : 0x3d1ae80f22a4bf : 2 : ittapi_config_apply_per_lib :  ITTAPI function not implemented: __itt_clock_domain_create
1801224 : 0x3d1ae80f22a8ea : 2 : ittapi_config_apply_per_lib :  ITTAPI function not implemented: __itt_clock_domain_reset
1801224 : 0x3d1ae80f22acf6 : 2 : ittapi_config_apply_per_lib :  ITTAPI function not implemented: __itt_id_create_ex
1801224 : 0x3d1ae80f22f925 : 2 : ittapi_config_apply_per_lib :  ITTAPI function not implemented: __itt_id_destroy_ex
1801224 : 0x3d1ae80f22fe8e : 2 : ittapi_config_apply_per_lib :  ITTAPI function not implemented: __itt_task_begin_ex
1801224 : 0x3d1ae80f23032f : 2 : ittapi_config_apply_per_lib :  ITTAPI function not implemented: __itt_task_begin_fn_ex
1801224 : 0x3d1ae80f230736 : 2 : ittapi_config_apply_per_lib :  ITTAPI function not implemented: __itt_task_end_ex
1801224 : 0x3d1ae80f230b6b : 2 : ittapi_config_apply_per_lib :  ITTAPI function instrumented: __itt_task_begin_overlapped
1801224 : 0x3d1ae80f230f72 : 2 : ittapi_config_apply_per_lib :  ITTAPI function not implemented: __itt_task_begin_overlapped_ex
1801224 : 0x3d1ae80f231372 : 2 : ittapi_config_apply_per_lib :  ITTAPI function instrumented: __itt_task_end_overlapped
1801224 : 0x3d1ae80f2317e0 : 2 : ittapi_config_apply_per_lib :  ITTAPI function not implemented: __itt_task_end_overlapped_ex
1801224 : 0x3d1ae80f231be5 : 2 : ittapi_config_apply_per_lib :  ITTAPI function not implemented: __itt_marker_ex
1801224 : 0x3d1ae80f2320ef : 2 : ittapi_config_apply_per_lib :  ITTAPI function not implemented: __itt_metadata_add_with_scope
1801224 : 0x3d1ae80f2331e3 : 2 : ittapi_config_apply_per_lib :  ITTAPI function not implemented: __itt_metadata_str_add_with_scope
1801224 : 0x3d1ae80f23363d : 2 : ittapi_config_apply_per_lib :  ITTAPI function not implemented: __itt_relation_add_to_current_ex
1801224 : 0x3d1ae80f233b21 : 2 : ittapi_config_apply_per_lib :  ITTAPI function not implemented: __itt_relation_add_ex
1801224 : 0x3d1ae80f233fd5 : 2 : ittapi_config_apply_per_lib :  ITTAPI function not implemented: __itt_track_group_create
1801224 : 0x3d1ae80f234369 : 2 : ittapi_config_apply_per_lib :  ITTAPI function not implemented: __itt_track_create
1801224 : 0x3d1ae80f234796 : 2 : ittapi_config_apply_per_lib :  ITTAPI function not implemented: __itt_set_track
1801224 : 0x3d1ae80f234c14 : 2 : ittapi_config_apply_per_lib :  ITTAPI function instrumented: __itt_api_version
1801224 : 0x3d1ae80f235039 : 2 : ittapi_config_apply_per_lib :  ITTAPI function not implemented: __itt_av_save
1801224 : 0x3d1ae80f235408 : 2 : ittapi_config_apply_per_lib :  ITTAPI function instrumented: __itt_module_load
1801224 : 0x3d1ae80f23583e : 2 : ittapi_config_apply_per_lib :  ITTAPI function not implemented: __itt_module_unload
1801224 : 0x3d1ae80f23670b : 2 : ittapi_config_apply_per_lib :  ITTAPI function NOT instrumented (not matched by --itt-config option): __itt_histogram_submit

1801224 : 0x3d1ae80f290ac9 : 2 : ittapi_config_mask_get :  --itt-config mask to be applied: 55
1801224 : 0x3d1ae80f291405 : 2 : ittapi_config_apply_per_lib :  ITTAPI function instrumented: __itt_domain_create
1801224 : 0x3d1ae80f2918a2 : 2 : ittapi_config_apply_per_lib :  ITTAPI function instrumented: __itt_module_load_with_sections
1801224 : 0x3d1ae80f291e20 : 2 : ittapi_config_apply_per_lib :  ITTAPI function not implemented: __itt_module_unload_with_sections
1801224 : 0x3d1ae80f29227f : 2 : ittapi_config_apply_per_lib :  ITTAPI function instrumented: __itt_string_handle_create
1801224 : 0x3d1ae80f29264a : 2 : ittapi_config_apply_per_lib :  ITTAPI function instrumented: __itt_counter_create
1801224 : 0x3d1ae80f292a2f : 2 : ittapi_config_apply_per_lib :  ITTAPI function instrumented: __itt_counter_create_typed
1801224 : 0x3d1ae80f292e55 : 2 : ittapi_config_apply_per_lib :  ITTAPI function instrumented: __itt_pause
1801224 : 0x3d1ae80f29328a : 2 : ittapi_config_apply_per_lib :  ITTAPI function instrumented: __itt_resume
1801224 : 0x3d1ae80f295948 : 2 : ittapi_config_apply_per_lib :  ITTAPI function instrumented: __itt_thread_set_name
1801224 : 0x3d1ae80f295ea0 : 2 : ittapi_config_apply_per_lib :  ITTAPI function instrumented: __itt_thread_ignore
1801224 : 0x3d1ae80f296271 : 2 : ittapi_config_apply_per_lib :  ITTAPI function instrumented: __itt_thr_name_set
1801224 : 0x3d1ae80f296758 : 2 : ittapi_config_apply_per_lib :  ITTAPI function instrumented: __itt_thr_ignore
1801224 : 0x3d1ae80f296beb : 2 : ittapi_config_apply_per_lib :  ITTAPI function not implemented: __itt_enable_attach
1801224 : 0x3d1ae80f296fc0 : 2 : ittapi_config_apply_per_lib :  ITTAPI function instrumented: __itt_detach
1801224 : 0x3d1ae80f2972c4 : 2 : ittapi_config_apply_per_lib :  ITTAPI function NOT instrumented (not matched by --itt-config option): __itt_sync_create

1801224 : 0x3d1ae80f297648 : 2 : ittapi_config_apply_per_lib :  ITTAPI function NOT instrumented (not matched by --itt-config option): __itt_sync_rename

1801224 : 0x3d1ae80f29798b : 2 : ittapi_config_apply_per_lib :  ITTAPI function NOT instrumented (not matched by --itt-config option): __itt_sync_destroy

1801224 : 0x3d1ae80f297cff : 2 : ittapi_config_apply_per_lib :  ITTAPI function NOT instrumented (not matched by --itt-config option): __itt_sync_prepare

1801224 : 0x3d1ae80f298c49 : 2 : ittapi_config_apply_per_lib :  ITTAPI function NOT instrumented (not matched by --itt-config option): __itt_sync_cancel

1801224 : 0x3d1ae80f298fbd : 2 : ittapi_config_apply_per_lib :  ITTAPI function NOT instrumented (not matched by --itt-config option): __itt_sync_acquired

1801224 : 0x3d1ae80f2992bd : 2 : ittapi_config_apply_per_lib :  ITTAPI function NOT instrumented (not matched by --itt-config option): __itt_sync_releasing

1801224 : 0x3d1ae80f29971d : 2 : ittapi_config_apply_per_lib :  ITTAPI function not implemented: __itt_suppress_push
1801224 : 0x3d1ae80f299c37 : 2 : ittapi_config_apply_per_lib :  ITTAPI function not implemented: __itt_suppress_pop
1801224 : 0x3d1ae80f29a177 : 2 : ittapi_config_apply_per_lib :  ITTAPI function not implemented: __itt_suppress_mark_range
1801224 : 0x3d1ae80f29a639 : 2 : ittapi_config_apply_per_lib :  ITTAPI function not implemented: __itt_suppress_clear_range
1801224 : 0x3d1ae80f29a929 : 2 : ittapi_config_apply_per_lib :  ITTAPI function NOT instrumented (not matched by --itt-config option): __itt_sync_prepare

1801224 : 0x3d1ae80f29ac15 : 2 : ittapi_config_apply_per_lib :  ITTAPI function NOT instrumented (not matched by --itt-config option): __itt_sync_cancel

1801224 : 0x3d1ae80f29af20 : 2 : ittapi_config_apply_per_lib :  ITTAPI function NOT instrumented (not matched by --itt-config option): __itt_sync_acquired

1801224 : 0x3d1ae80f29bd83 : 2 : ittapi_config_apply_per_lib :  ITTAPI function NOT instrumented (not matched by --itt-config option): __itt_sync_releasing

1801224 : 0x3d1ae80f29c10d : 2 : ittapi_config_apply_per_lib :  ITTAPI function NOT instrumented (not matched by --itt-config option): __itt_model_site_begin

1801224 : 0x3d1ae80f29c43b : 2 : ittapi_config_apply_per_lib :  ITTAPI function NOT instrumented (not matched by --itt-config option): __itt_model_site_end

1801224 : 0x3d1ae80f29c71c : 2 : ittapi_config_apply_per_lib :  ITTAPI function NOT instrumented (not matched by --itt-config option): __itt_model_task_begin

1801224 : 0x3d1ae80f29c9e5 : 2 : ittapi_config_apply_per_lib :  ITTAPI function NOT instrumented (not matched by --itt-config option): __itt_model_task_end

1801224 : 0x3d1ae80f29ccf0 : 2 : ittapi_config_apply_per_lib :  ITTAPI function NOT instrumented (not matched by --itt-config option): __itt_model_lock_acquire

1801224 : 0x3d1ae80f29d00e : 2 : ittapi_config_apply_per_lib :  ITTAPI function NOT instrumented (not matched by --itt-config option): __itt_model_lock_release

1801224 : 0x3d1ae80f29d2ef : 2 : ittapi_config_apply_per_lib :  ITTAPI function NOT instrumented (not matched by --itt-config option): __itt_model_record_allocation

1801224 : 0x3d1ae80f29d5c7 : 2 : ittapi_config_apply_per_lib :  ITTAPI function NOT instrumented (not matched by --itt-config option): __itt_model_record_deallocation

1801224 : 0x3d1ae80f29d9f8 : 2 : ittapi_config_apply_per_lib :  ITTAPI function NOT instrumented (not matched by --itt-config option): __itt_model_induction_uses

1801224 : 0x3d1ae80f29efce : 2 : ittapi_config_apply_per_lib :  ITTAPI function NOT instrumented (not matched by --itt-config option): __itt_model_reduction_uses

1801224 : 0x3d1ae80f29f32c : 2 : ittapi_config_apply_per_lib :  ITTAPI function NOT instrumented (not matched by --itt-config option): __itt_model_observe_uses

1801224 : 0x3d1ae80f29f62a : 2 : ittapi_config_apply_per_lib :  ITTAPI function NOT instrumented (not matched by --itt-config option): __itt_model_clear_uses

1801224 : 0x3d1ae80f29f8fc : 2 : ittapi_config_apply_per_lib :  ITTAPI function NOT instrumented (not matched by --itt-config option): __itt_model_site_beginA

1801224 : 0x3d1ae80f29fbf6 : 2 : ittapi_config_apply_per_lib :  ITTAPI function NOT instrumented (not matched by --itt-config option): __itt_model_site_beginAL

1801224 : 0x3d1ae80f29ff18 : 2 : ittapi_config_apply_per_lib :  ITTAPI function NOT instrumented (not matched by --itt-config option): __itt_model_task_beginA

1801224 : 0x3d1ae80f2a01dd : 2 : ittapi_config_apply_per_lib :  ITTAPI function NOT instrumented (not matched by --itt-config option): __itt_model_task_beginAL

1801224 : 0x3d1ae80f2a04b9 : 2 : ittapi_config_apply_per_lib :  ITTAPI function NOT instrumented (not matched by --itt-config option): __itt_model_iteration_taskA

1801224 : 0x3d1ae80f2a078e : 2 : ittapi_config_apply_per_lib :  ITTAPI function NOT instrumented (not matched by --itt-config option): __itt_model_iteration_taskAL

1801224 : 0x3d1ae80f2a0ab0 : 2 : ittapi_config_apply_per_lib :  ITTAPI function NOT instrumented (not matched by --itt-config option): __itt_model_site_end_2

1801224 : 0x3d1ae80f2a1844 : 2 : ittapi_config_apply_per_lib :  ITTAPI function NOT instrumented (not matched by --itt-config option): __itt_model_task_end_2

1801224 : 0x3d1ae80f2a1bc4 : 2 : ittapi_config_apply_per_lib :  ITTAPI function NOT instrumented (not matched by --itt-config option): __itt_model_lock_acquire_2

1801224 : 0x3d1ae80f2a1eca : 2 : ittapi_config_apply_per_lib :  ITTAPI function NOT instrumented (not matched by --itt-config option): __itt_model_lock_release_2

1801224 : 0x3d1ae80f2a2177 : 2 : ittapi_config_apply_per_lib :  ITTAPI function NOT instrumented (not matched by --itt-config option): __itt_model_aggregate_task

1801224 : 0x3d1ae80f2a246b : 2 : ittapi_config_apply_per_lib :  ITTAPI function NOT instrumented (not matched by --itt-config option): __itt_model_disable_push

1801224 : 0x3d1ae80f2a2782 : 2 : ittapi_config_apply_per_lib :  ITTAPI function NOT instrumented (not matched by --itt-config option): __itt_model_disable_pop

1801224 : 0x3d1ae80f2a2b59 : 2 : ittapi_config_apply_per_lib :  ITTAPI function instrumented: __itt_heap_function_create
1801224 : 0x3d1ae80f2a2f77 : 2 : ittapi_config_apply_per_lib :  ITTAPI function instrumented: __itt_heap_allocate_begin
1801224 : 0x3d1ae80f2a3335 : 2 : ittapi_config_apply_per_lib :  ITTAPI function instrumented: __itt_heap_allocate_end
1801224 : 0x3d1ae80f2a374d : 2 : ittapi_config_apply_per_lib :  ITTAPI function instrumented: __itt_heap_free_begin
1801224 : 0x3d1ae80f2a460d : 2 : ittapi_config_apply_per_lib :  ITTAPI function instrumented: __itt_heap_free_end
1801224 : 0x3d1ae80f2a4b19 : 2 : ittapi_config_apply_per_lib :  ITTAPI function instrumented: __itt_heap_reallocate_begin
1801224 : 0x3d1ae80f2a4f34 : 2 : ittapi_config_apply_per_lib :  ITTAPI function instrumented: __itt_heap_reallocate_end
1801224 : 0x3d1ae80f2a53f6 : 2 : ittapi_config_apply_per_lib :  ITTAPI function not implemented: __itt_heap_internal_access_begin
1801224 : 0x3d1ae80f2a585c : 2 : ittapi_config_apply_per_lib :  ITTAPI function not implemented: __itt_heap_internal_access_end
1801224 : 0x3d1ae80f2a5d31 : 2 : ittapi_config_apply_per_lib :  ITTAPI function not implemented: __itt_heap_record_memory_growth_begin
1801224 : 0x3d1ae80f2a6170 : 2 : ittapi_config_apply_per_lib :  ITTAPI function not implemented: __itt_heap_record_memory_growth_end
1801224 : 0x3d1ae80f2a660e : 2 : ittapi_config_apply_per_lib :  ITTAPI function not implemented: __itt_heap_reset_detection
1801224 : 0x3d1ae80f2a6a97 : 2 : ittapi_config_apply_per_lib :  ITTAPI function not implemented: __itt_heap_record
1801224 : 0x3d1ae80f2a6f01 : 2 : ittapi_config_apply_per_lib :  ITTAPI function not implemented: __itt_id_create
1801224 : 0x3d1ae80f2a8716 : 2 : ittapi_config_apply_per_lib :  ITTAPI function not implemented: __itt_id_destroy
1801224 : 0x3d1ae80f2a8c52 : 2 : ittapi_config_apply_per_lib :  ITTAPI function instrumented: __itt_get_timestamp
1801224 : 0x3d1ae80f2a90a4 : 2 : ittapi_config_apply_per_lib :  ITTAPI function not implemented: __itt_region_begin
1801224 : 0x3d1ae80f2a94d7 : 2 : ittapi_config_apply_per_lib :  ITTAPI function not implemented: __itt_region_end
1801224 : 0x3d1ae80f2a98e8 : 2 : ittapi_config_apply_per_lib :  ITTAPI function instrumented: __itt_frame_begin_v3
1801224 : 0x3d1ae80f2a9d68 : 2 : ittapi_config_apply_per_lib :  ITTAPI function instrumented: __itt_frame_end_v3
1801224 : 0x3d1ae80f2aa142 : 2 : ittapi_config_apply_per_lib :  ITTAPI function instrumented: __itt_frame_submit_v3
1801224 : 0x3d1ae80f2aa59d : 2 : ittapi_config_apply_per_lib :  ITTAPI function not implemented: __itt_task_group
1801224 : 0x3d1ae80f2aa991 : 2 : ittapi_config_apply_per_lib :  ITTAPI function instrumented: __itt_task_begin
1801224 : 0x3d1ae80f2aadb4 : 2 : ittapi_config_apply_per_lib :  ITTAPI function instrumented: __itt_task_begin_fn
1801224 : 0x3d1ae80f2abd1b : 2 : ittapi_config_apply_per_lib :  ITTAPI function instrumented: __itt_task_end
1801224 : 0x3d1ae80f2ac222 : 2 : ittapi_config_apply_per_lib :  ITTAPI function not implemented: __itt_counter_inc_v3
1801224 : 0x3d1ae80f2ac6a7 : 2 : ittapi_config_apply_per_lib :  ITTAPI function not implemented: __itt_counter_inc_delta_v3
1801224 : 0x3d1ae80f2acb10 : 2 : ittapi_config_apply_per_lib :  ITTAPI function not implemented: __itt_counter_dec_v3
1801224 : 0x3d1ae80f2acf28 : 2 : ittapi_config_apply_per_lib :  ITTAPI function not implemented: __itt_counter_dec_delta_v3
1801224 : 0x3d1ae80f2ad3a2 : 2 : ittapi_config_apply_per_lib :  ITTAPI function not implemented: __itt_marker
1801224 : 0x3d1ae80f2ad7cb : 2 : ittapi_config_apply_per_lib :  ITTAPI function instrumented: __itt_metadata_add
1801224 : 0x3d1ae80f2adc2c : 2 : ittapi_config_apply_per_lib :  ITTAPI function not implemented: __itt_metadata_str_add
1801224 : 0x3d1ae80f2ae05f : 2 : ittapi_config_apply_per_lib :  ITTAPI function not implemented: __itt_relation_add_to_current
1801224 : 0x3d1ae80f2ae503 : 2 : ittapi_config_apply_per_lib :  ITTAPI function not implemented: __itt_relation_add
1801224 : 0x3d1ae80f2af443 : 2 : ittapi_config_apply_per_lib :  ITTAPI function instrumented: __itt_event_create
1801224 : 0x3d1ae80f2af8d4 : 2 : ittapi_config_apply_per_lib :  ITTAPI function instrumented: __itt_event_start
1801224 : 0x3d1ae80f2afcf6 : 2 : ittapi_config_apply_per_lib :  ITTAPI function instrumented: __itt_event_end
1801224 : 0x3d1ae80f2affea : 2 : ittapi_config_apply_per_lib :  ITTAPI function NOT instrumented (not matched by --itt-config option): __itt_sync_set_name

1801224 : 0x3d1ae80f2b02e3 : 2 : ittapi_config_apply_per_lib :  ITTAPI function NOT instrumented (not matched by --itt-config option): __itt_notify_sync_name

1801224 : 0x3d1ae80f2b05ff : 2 : ittapi_config_apply_per_lib :  ITTAPI function NOT instrumented (not matched by --itt-config option): __itt_notify_sync_prepare

1801224 : 0x3d1ae80f2b08e6 : 2 : ittapi_config_apply_per_lib :  ITTAPI function NOT instrumented (not matched by --itt-config option): __itt_notify_sync_cancel

1801224 : 0x3d1ae80f2b0bd3 : 2 : ittapi_config_apply_per_lib :  ITTAPI function NOT instrumented (not matched by --itt-config option): __itt_notify_sync_acquired

1801224 : 0x3d1ae80f2b0ebc : 2 : ittapi_config_apply_per_lib :  ITTAPI function NOT instrumented (not matched by --itt-config option): __itt_notify_sync_releasing

1801224 : 0x3d1ae80f2b1317 : 2 : ittapi_config_apply_per_lib :  ITTAPI function not implemented: __itt_memory_read
1801224 : 0x3d1ae80f2b296f : 2 : ittapi_config_apply_per_lib :  ITTAPI function not implemented: __itt_memory_write
1801224 : 0x3d1ae80f2b2e4b : 2 : ittapi_config_apply_per_lib :  ITTAPI function not implemented: __itt_memory_update
1801224 : 0x3d1ae80f2b32b5 : 2 : ittapi_config_apply_per_lib :  ITTAPI function not implemented: __itt_state_get
1801224 : 0x3d1ae80f2b36ab : 2 : ittapi_config_apply_per_lib :  ITTAPI function not implemented: __itt_state_set
1801224 : 0x3d1ae80f2b3ab1 : 2 : ittapi_config_apply_per_lib :  ITTAPI function not implemented: __itt_obj_mode_set
1801224 : 0x3d1ae80f2b3ef2 : 2 : ittapi_config_apply_per_lib :  ITTAPI function not implemented: __itt_thr_mode_set
1801224 : 0x3d1ae80f2b42be : 2 : ittapi_config_apply_per_lib :  ITTAPI function instrumented: __itt_frame_create
1801224 : 0x3d1ae80f2b4669 : 2 : ittapi_config_apply_per_lib :  ITTAPI function instrumented: __itt_pt_region_create
1801224 : 0x3d1ae80f2b49ec : 2 : ittapi_config_apply_per_lib :  ITTAPI function instrumented: __itt_frame_begin
1801224 : 0x3d1ae80f2b4e0e : 2 : ittapi_config_apply_per_lib :  ITTAPI function instrumented: __itt_frame_end
1801224 : 0x3d1ae80f2b5da9 : 2 : ittapi_config_apply_per_lib :  ITTAPI function not implemented: __itt_counter_destroy
1801224 : 0x3d1ae80f2b6200 : 2 : ittapi_config_apply_per_lib :  ITTAPI function instrumented: __itt_counter_inc
1801224 : 0x3d1ae80f2b65b3 : 2 : ittapi_config_apply_per_lib :  ITTAPI function instrumented: __itt_counter_inc_delta
1801224 : 0x3d1ae80f2b694d : 2 : ittapi_config_apply_per_lib :  ITTAPI function instrumented: __itt_counter_dec
1801224 : 0x3d1ae80f2b6d45 : 2 : ittapi_config_apply_per_lib :  ITTAPI function instrumented: __itt_counter_dec_delta
1801224 : 0x3d1ae80f2b713c : 2 : ittapi_config_apply_per_lib :  ITTAPI function instrumented: __itt_counter_set_value
1801224 : 0x3d1ae80f2b7554 : 2 : ittapi_config_apply_per_lib :  ITTAPI function not implemented: __itt_counter_set_value_ex
1801224 : 0x3d1ae80f2b795e : 2 : ittapi_config_apply_per_lib :  ITTAPI function not implemented: __itt_mark_create
1801224 : 0x3d1ae80f2b7db7 : 2 : ittapi_config_apply_per_lib :  ITTAPI function not implemented: __itt_mark
1801224 : 0x3d1ae80f2b82a8 : 2 : ittapi_config_apply_per_lib :  ITTAPI function not implemented: __itt_mark_off
1801224 : 0x3d1ae80f2b9351 : 2 : ittapi_config_apply_per_lib :  ITTAPI function not implemented: __itt_mark_global
1801224 : 0x3d1ae80f2b97f8 : 2 : ittapi_config_apply_per_lib :  ITTAPI function not implemented: __itt_mark_global_off
1801224 : 0x3d1ae80f2b9c9e : 2 : ittapi_config_apply_per_lib :  ITTAPI function instrumented: __itt_stack_caller_create
1801224 : 0x3d1ae80f2ba083 : 2 : ittapi_config_apply_per_lib :  ITTAPI function instrumented: __itt_stack_caller_destroy
1801224 : 0x3d1ae80f2ba45b : 2 : ittapi_config_apply_per_lib :  ITTAPI function instrumented: __itt_stack_callee_enter
1801224 : 0x3d1ae80f2ba89c : 2 : ittapi_config_apply_per_lib :  ITTAPI function instrumented: __itt_stack_callee_leave
1801224 : 0x3d1ae80f2bacc3 : 2 : ittapi_config_apply_per_lib :  ITTAPI function not implemented: __itt_clock_domain_create
1801224 : 0x3d1ae80f2bb0d1 : 2 : ittapi_config_apply_per_lib :  ITTAPI function not implemented: __itt_clock_domain_reset
1801224 : 0x3d1ae80f2bb4d5 : 2 : ittapi_config_apply_per_lib :  ITTAPI function not implemented: __itt_id_create_ex
1801224 : 0x3d1ae80f2bb93f : 2 : ittapi_config_apply_per_lib :  ITTAPI function not implemented: __itt_id_destroy_ex
1801224 : 0x3d1ae80f2bc9f3 : 2 : ittapi_config_apply_per_lib :  ITTAPI function not implemented: __itt_task_begin_ex
1801224 : 0x3d1ae80f2bcee3 : 2 : ittapi_config_apply_per_lib :  ITTAPI function not implemented: __itt_task_begin_fn_ex
1801224 : 0x3d1ae80f2bd2e3 : 2 : ittapi_config_apply_per_lib :  ITTAPI function not implemented: __itt_task_end_ex
1801224 : 0x3d1ae80f2bd6c0 : 2 : ittapi_config_apply_per_lib :  ITTAPI function instrumented: __itt_task_begin_overlapped
1801224 : 0x3d1ae80f2bdae6 : 2 : ittapi_config_apply_per_lib :  ITTAPI function not implemented: __itt_task_begin_overlapped_ex
1801224 : 0x3d1ae80f2bdef3 : 2 : ittapi_config_apply_per_lib :  ITTAPI function instrumented: __itt_task_end_overlapped
1801224 : 0x3d1ae80f2be32b : 2 : ittapi_config_apply_per_lib :  ITTAPI function not implemented: __itt_task_end_overlapped_ex
1801224 : 0x3d1ae80f2be72c : 2 : ittapi_config_apply_per_lib :  ITTAPI function not implemented: __itt_marker_ex
1801224 : 0x3d1ae80f2beb86 : 2 : ittapi_config_apply_per_lib :  ITTAPI function not implemented: __itt_metadata_add_with_scope
1801224 : 0x3d1ae80f2bf043 : 2 : ittapi_config_apply_per_lib :  ITTAPI function not implemented: __itt_metadata_str_add_with_scope
1801224 : 0x3d1ae80f2c064e : 2 : ittapi_config_apply_per_lib :  ITTAPI function not implemented: __itt_relation_add_to_current_ex
1801224 : 0x3d1ae80f2c0b04 : 2 : ittapi_config_apply_per_lib :  ITTAPI function not implemented: __itt_relation_add_ex
1801224 : 0x3d1ae80f2c0f74 : 2 : ittapi_config_apply_per_lib :  ITTAPI function not implemented: __itt_track_group_create
1801224 : 0x3d1ae80f2c130f : 2 : ittapi_config_apply_per_lib :  ITTAPI function not implemented: __itt_track_create
1801224 : 0x3d1ae80f2c16eb : 2 : ittapi_config_apply_per_lib :  ITTAPI function not implemented: __itt_set_track
1801224 : 0x3d1ae80f2c1b03 : 2 : ittapi_config_apply_per_lib :  ITTAPI function instrumented: __itt_api_version
1801224 : 0x3d1ae80f2c1f3a : 2 : ittapi_config_apply_per_lib :  ITTAPI function not implemented: __itt_av_save
1801224 : 0x3d1ae80f2c2306 : 2 : ittapi_config_apply_per_lib :  ITTAPI function instrumented: __itt_module_load
1801224 : 0x3d1ae80f2c26e4 : 2 : ittapi_config_apply_per_lib :  ITTAPI function not implemented: __itt_module_unload