
1803254 : 0x3d1bc5a0de05ad : 1 : spill_jit_data :  Jit agent is not initialized
1803254 : 0x3d1bc5a0df067e : 2 : ittapi_config_mask_get :  --itt-config mask to be applied: 55
1803254 : 0x3d1bc5a0df17a6 : 2 : ittapi_config_apply_per_lib :  ITTAPI function instrumented: __itt_domain_create
1803254 : 0x3d1bc5a0df2111 : 2 : ittapi_config_apply_per_lib :  ITTAPI function instrumented: __itt_module_load_with_sections
1803254 : 0x3d1bc5a0df2e79 : 2 : ittapi_config_apply_per_lib :  ITTAPI function not implemented: __itt_module_unload_with_sections
1803254 : 0x3d1bc5a0df3786 : 2 : ittapi_config_apply_per_lib :  ITTAPI function instrumented: __itt_string_handle_create
1803254 : 0x3d1bc5a0df3e74 : 2 : ittapi_config_apply_per_lib :  ITTAPI function instrumented: __itt_counter_create
1803254 : 0x3d1bc5a0df450f : 2 : ittapi_config_apply_per_lib :  ITTAPI function instrumented: __itt_counter_create_typed
1803254 : 0x3d1bc5a0df4cff : 2 : ittapi_config_apply_per_lib :  ITTAPI function instrumented: __itt_pause
1803254 : 0x3d1bc5a0df53f4 : 2 : ittapi_config_apply_per_lib :  ITTAPI function instrumented: __itt_resume
1803254 : 0x3d1bc5a0dfe88c : 2 : ittapi_config_apply_per_lib :  ITTAPI function instrumented: __itt_thread_set_name
1803254 : 0x3d1bc5a0dff26e : 2 : ittapi_config_apply_per_lib :  ITTAPI function instrumented: __itt_thread_ignore
1803254 : 0x3d1bc5a0dff981 : 2 : ittapi_config_apply_per_lib :  ITTAPI function instrumented: __itt_thr_name_set
1803254 : 0x3d1bc5a0e000a8 : 2 : ittapi_config_apply_per_lib :  ITTAPI function instrumented: __itt_thr_ignore
1803254 : 0x3d1bc5a0e00762 : 2 : ittapi_config_apply_per_lib :  ITTAPI function instrumented: __itt_histogram_create
1803254 : 0x3d1bc5a0e0118c : 2 : ittapi_config_apply_per_lib :  ITTAPI function not implemented: __itt_enable_attach
1803254 : 0x3d1bc5a0e0191d : 2 : ittapi_config_apply_per_lib :  ITTAPI function instrumented: __itt_detach
1803254 : 0x3d1bc5a0e01ce6 : 2 : ittapi_config_apply_per_lib :  ITTAPI function NOT instrumented (not matched by --itt-config option): __itt_sync_create

1803254 : 0x3d1bc5a0e0220d : 2 : ittapi_config_apply_per_lib :  ITTAPI function NOT instrumented (not matched by --itt-config option): __itt_sync_rename

1803254 : 0x3d1bc5a0e02613 : 2 : ittapi_config_apply_per_lib :  ITTAPI function NOT instrumented (not matched by --itt-config option): __itt_sync_destroy

1803254 : 0x3d1bc5a0e03bb5 : 2 : ittapi_config_apply_per_lib :  ITTAPI function NOT instrumented (not matched by --itt-config option): __itt_sync_prepare

1803254 : 0x3d1bc5a0e03fc9 : 2 : ittapi_config_apply_per_lib :  ITTAPI function NOT instrumented (not matched by --itt-config option): __itt_sync_cancel

1803254 : 0x3d1bc5a0e04364 : 2 : ittapi_config_apply_per_lib :  ITTAPI function NOT instrumented (not matched by --itt-config option): __itt_sync_acquired

1803254 : 0x3d1bc5a0e046d1 : 2 : ittapi_config_apply_per_lib :  ITTAPI function NOT instrumented (not matched by --itt-config option): __itt_sync_releasing

1803254 : 0x3d1bc5a0e04f7a : 2 : ittapi_config_apply_per_lib :  ITTAPI function not implemented: __itt_suppress_push
1803254 : 0x3d1bc5a0e058c6 : 2 : ittapi_config_apply_per_lib :  ITTAPI function not implemented: __itt_suppress_pop
1803254 : 0x3d1bc5a0e06b03 : 2 : ittapi_config_apply_per_lib :  ITTAPI function not implemented: __itt_suppress_mark_range
1803254 : 0x3d1bc5a0e0733a : 2 : ittapi_config_apply_per_lib :  ITTAPI function not implemented: __itt_suppress_clear_range
1803254 : 0x3d1bc5a0e07712 : 2 : ittapi_config_apply_per_lib :  ITTAPI function NOT instrumented (not matched by --itt-config option): __itt_sync_prepare

1803254 : 0x3d1bc5a0e07a65 : 2 : ittapi_config_apply_per_lib :  ITTAPI function NOT instrumented (not matched by --itt-config option): __itt_sync_cancel

1803254 : 0x3d1bc5a0e08d32 : 2 : ittapi_config_apply_per_lib :  ITTAPI function NOT instrumented (not matched by --itt-config option): __itt_sync_acquired

1803254 : 0x3d1bc5a0e0913c : 2 : ittapi_config_apply_per_lib :  ITTAPI function NOT instrumented (not matched by --itt-config option): __itt_sync_releasing

1803254 : 0x3d1bc5a0e09508 : 2 : ittapi_config_apply_per_lib :  ITTAPI function NOT instrumented (not matched by --itt-config option): __itt_model_site_begin

1803254 : 0x3d1bc5a0e098cb : 2 : ittapi_config_apply_per_lib :  ITTAPI function NOT instrumented (not matched by --itt-config option): __itt_model_site_end

1803254 : 0x3d1bc5a0e09c9b : 2 : ittapi_config_apply_per_lib :  ITTAPI function NOT instrumented (not matched by --itt-config option): __itt_model_task_begin

1803254 : 0x3d1bc5a0e0a05d : 2 : ittapi_config_apply_per_lib :  ITTAPI function NOT instrumented (not matched by --itt-config option): __itt_model_task_end

1803254 : 0x3d1bc5a0e0a3be : 2 : ittapi_config_apply_per_lib :  ITTAPI function NOT instrumented (not matched by --itt-config option): __itt_model_lock_acquire

1803254 : 0x3d1bc5a0e0a748 : 2 : ittapi_config_apply_per_lib :  ITTAPI function NOT instrumented (not matched by --itt-config option): __itt_model_lock_release

1803254 : 0x3d1bc5a0e0ab05 : 2 : ittapi_config_apply_per_lib :  ITTAPI function NOT instrumented (not matched by --itt-config option): __itt_model_record_allocation

1803254 : 0x3d1bc5a0e0ae87 : 2 : ittapi_config_apply_per_lib :  ITTAPI function NOT instrumented (not matched by --itt-config option): __itt_model_record_deallocation

1803254 : 0x3d1bc5a0e0cc7a : 2 : ittapi_config_apply_per_lib :  ITTAPI function NOT instrumented (not matched by --itt-config option): __itt_model_induction_uses

1803254 : 0x3d1bc5a0e0d0ea : 2 : ittapi_config_apply_per_lib :  ITTAPI function NOT instrumented (not matched by --itt-config option): __itt_model_reduction_uses

1803254 : 0x3d1bc5a0e0d48b : 2 : ittapi_config_apply_per_lib :  ITTAPI function NOT instrumented (not matched by --itt-config option): __itt_model_observe_uses

1803254 : 0x3d1bc5a0e0d85d : 2 : ittapi_config_apply_per_lib :  ITTAPI function NOT instrumented (not matched by --itt-config option): __itt_model_clear_uses

1803254 : 0x3d1bc5a0e0dc4a : 2 : ittapi_config_apply_per_lib :  ITTAPI function NOT instrumented (not matched by --itt-config option): __itt_model_site_beginA

1803254 : 0x3d1bc5a0e0dfed : 2 : ittapi_config_apply_per_lib :  ITTAPI function NOT instrumented (not matched by --itt-config option): __itt_model_site_beginAL

1803254 : 0x3d1bc5a0e0e34b : 2 : ittapi_config_apply_per_lib :  ITTAPI function NOT instrumented (not matched by --itt-config option): __itt_model_task_beginA

1803254 : 0x3d1bc5a0e0e6a6 : 2 : ittapi_config_apply_per_lib :  ITTAPI function NOT instrumented (not matched by --itt-config option): __itt_model_task_beginAL

1803254 : 0x3d1bc5a0e0ea60 : 2 : ittapi_config_apply_per_lib :  ITTAPI function NOT instrumented (not matched by --itt-config option): __itt_model_iteration_taskA

1803254 : 0x3d1bc5a0e0edef : 2 : ittapi_config_apply_per_lib :  ITTAPI function NOT instrumented (not matched by --itt-config option): __itt_model_iteration_taskAL

1803254 : 0x3d1bc5a0e100c6 : 2 : ittapi_config_apply_per_lib :  ITTAPI function NOT instrumented (not matched by --itt-config option): __itt_model_site_end_2

1803254 : 0x3d1bc5a0e104e5 : 2 : ittapi_config_apply_per_lib :  ITTAPI function NOT instrumented (not matched by --itt-config option): __itt_model_task_end_2

1803254 : 0x3d1bc5a0e10849 : 2 : ittapi_config_apply_per_lib :  ITTAPI function NOT instrumented (not matched by --itt-config option): __itt_model_lock_acquire_2

1803254 : 0x3d1bc5a0e10bbf : 2 : ittapi_config_apply_per_lib :  ITTAPI function NOT instrumented (not matched by --itt-config option): __itt_model_lock_release_2

1803254 : 0x3d1bc5a0e10f72 : 2 : ittapi_config_apply_per_lib :  ITTAPI function NOT instrumented (not matched by --itt-config option): __itt_model_aggregate_task

1803254 : 0x3d1bc5a0e112e5 : 2 : ittapi_config_apply_per_lib :  ITTAPI function NOT instrumented (not matched by --itt-config option): __itt_model_disable_push

1803254 : 0x3d1bc5a0e11641 : 2 : ittapi_config_apply_per_lib :  ITTAPI function NOT instrumented (not matched by --itt-config option): __itt_model_disable_pop

1803254 : 0x3d1bc5a0e11e15 : 2 : ittapi_config_apply_per_lib :  ITTAPI function instrumented: __itt_heap_function_create
1803254 : 0x3d1bc5a0e1250a : 2 : ittapi_config_apply_per_lib :  ITTAPI function instrumented: __itt_heap_allocate_begin
1803254 : 0x3d1bc5a0e12bf8 : 2 : ittapi_config_apply_per_lib :  ITTAPI function instrumented: __itt_heap_allocate_end
1803254 : 0x3d1bc5a0e14ef9 : 2 : ittapi_config_apply_per_lib :  ITTAPI function instrumented: __itt_heap_free_begin
1803254 : 0x3d1bc5a0e155d6 : 2 : ittapi_config_apply_per_lib :  ITTAPI function instrumented: __itt_heap_free_end
1803254 : 0x3d1bc5a0e15c9b : 2 : ittapi_config_apply_per_lib :  ITTAPI function instrumented: __itt_heap_reallocate_begin
1803254 : 0x3d1bc5a0e16319 : 2 : ittapi_config_apply_per_lib :  ITTAPI function instrumented: __itt_heap_reallocate_end
1803254 : 0x3d1bc5a0e16b0f : 2 : ittapi_config_apply_per_lib :  ITTAPI function not implemented: __itt_heap_internal_access_begin
1803254 : 0x3d1bc5a0e17280 : 2 : ittapi_config_apply_per_lib :  ITTAPI function not implemented: __itt_heap_internal_access_end
1803254 : 0x3d1bc5a0e17a57 : 2 : ittapi_config_apply_per_lib :  ITTAPI function not implemented: __itt_heap_record_memory_growth_begin
1803254 : 0x3d1bc5a0e181c7 : 2 : ittapi_config_apply_per_lib :  ITTAPI function not implemented: __itt_heap_record_memory_growth_end
1803254 : 0x3d1bc5a0e189f7 : 2 : ittapi_config_apply_per_lib :  ITTAPI function not implemented: __itt_heap_reset_detection
1803254 : 0x3d1bc5a0e1918f : 2 : ittapi_config_apply_per_lib :  ITTAPI function not implemented: __itt_heap_record
1803254 : 0x3d1bc5a0e1a74b : 2 : ittapi_config_apply_per_lib :  ITTAPI function not implemented: __itt_id_create
1803254 : 0x3d1bc5a0e1afbb : 2 : ittapi_config_apply_per_lib :  ITTAPI function not implemented: __itt_id_destroy
1803254 : 0x3d1bc5a0e1b666 : 2 : ittapi_config_apply_per_lib :  ITTAPI function instrumented: __itt_get_timestamp
1803254 : 0x3d1bc5a0e1bdbb : 2 : ittapi_config_apply_per_lib :  ITTAPI function not implemented: __itt_region_begin
1803254 : 0x3d1bc5a0e1c568 : 2 : ittapi_config_apply_per_lib :  ITTAPI function not implemented: __itt_region_end
1803254 : 0x3d1bc5a0e1ccc6 : 2 : ittapi_config_apply_per_lib :  ITTAPI function instrumented: __itt_frame_begin_v3
1803254 : 0x3d1bc5a0e1d36c : 2 : ittapi_config_apply_per_lib :  ITTAPI function instrumented: __itt_frame_end_v3
1803254 : 0x3d1bc5a0e1da27 : 2 : ittapi_config_apply_per_lib :  ITTAPI function instrumented: __itt_frame_submit_v3
1803254 : 0x3d1bc5a0e1e1b7 : 2 : ittapi_config_apply_per_lib :  ITTAPI function not implemented: __itt_task_group
1803254 : 0x3d1bc5a0e1e90c : 2 : ittapi_config_apply_per_lib :  ITTAPI function instrumented: __itt_task_begin
1803254 : 0x3d1bc5a0e1fd59 : 2 : ittapi_config_apply_per_lib :  ITTAPI function instrumented: __itt_task_begin_fn
1803254 : 0x3d1bc5a0e20496 : 2 : ittapi_config_apply_per_lib :  ITTAPI function instrumented: __itt_task_end
1803254 : 0x3d1bc5a0e20c94 : 2 : ittapi_config_apply_per_lib :  ITTAPI function not implemented: __itt_counter_inc_v3
1803254 : 0x3d1bc5a0e2144c : 2 : ittapi_config_apply_per_lib :  ITTAPI function not implemented: __itt_counter_inc_delta_v3
1803254 : 0x3d1bc5a0e21be6 : 2 : ittapi_config_apply_per_lib :  ITTAPI function not implemented: __itt_counter_dec_v3
1803254 : 0x3d1bc5a0e222d7 : 2 : ittapi_config_apply_per_lib :  ITTAPI function not implemented: __itt_counter_dec_delta_v3
1803254 : 0x3d1bc5a0e22ad1 : 2 : ittapi_config_apply_per_lib :  ITTAPI function not implemented: __itt_marker
1803254 : 0x3d1bc5a0e231c3 : 2 : ittapi_config_apply_per_lib :  ITTAPI function instrumented: __itt_metadata_add
1803254 : 0x3d1bc5a0e23946 : 2 : ittapi_config_apply_per_lib :  ITTAPI function not implemented: __itt_metadata_str_add
1803254 : 0x3d1bc5a0e2405a : 2 : ittapi_config_apply_per_lib :  ITTAPI function not implemented: __itt_relation_add_to_current
1803254 : 0x3d1bc5a0e25617 : 2 : ittapi_config_apply_per_lib :  ITTAPI function not implemented: __itt_relation_add
1803254 : 0x3d1bc5a0e25d6d : 2 : ittapi_config_apply_per_lib :  ITTAPI function instrumented: __itt_event_create
1803254 : 0x3d1bc5a0e26404 : 2 : ittapi_config_apply_per_lib :  ITTAPI function instrumented: __itt_event_start
1803254 : 0x3d1bc5a0e26ad3 : 2 : ittapi_config_apply_per_lib :  ITTAPI function instrumented: __itt_event_end
1803254 : 0x3d1bc5a0e26ea6 : 2 : ittapi_config_apply_per_lib :  ITTAPI function NOT instrumented (not matched by --itt-config option): __itt_sync_set_name

1803254 : 0x3d1bc5a0e27256 : 2 : ittapi_config_apply_per_lib :  ITTAPI function NOT instrumented (not matched by --itt-config option): __itt_notify_sync_name

1803254 : 0x3d1bc5a0e275b2 : 2 : ittapi_config_apply_per_lib :  ITTAPI function NOT instrumented (not matched by --itt-config option): __itt_notify_sync_prepare

1803254 : 0x3d1bc5a0e27961 : 2 : ittapi_config_apply_per_lib :  ITTAPI function NOT instrumented (not matched by --itt-config option): __itt_notify_sync_cancel

1803254 : 0x3d1bc5a0e27cc4 : 2 : ittapi_config_apply_per_lib :  ITTAPI function NOT instrumented (not matched by --itt-config option): __itt_notify_sync_acquired

1803254 : 0x3d1bc5a0e2805d : 2 : ittapi_config_apply_per_lib :  ITTAPI function NOT instrumented (not matched by --itt-config option): __itt_notify_sync_releasing

1803254 : 0x3d1bc5a0e29cfc : 2 : ittapi_config_apply_per_lib :  ITTAPI function not implemented: __itt_memory_read
1803254 : 0x3d1bc5a0e2a547 : 2 : ittapi_config_apply_per_lib :  ITTAPI function not implemented: __itt_memory_write
1803254 : 0x3d1bc5a0e2ac59 : 2 : ittapi_config_apply_per_lib :  ITTAPI function not implemented: __itt_memory_update
1803254 : 0x3d1bc5a0e2b426 : 2 : ittapi_config_apply_per_lib :  ITTAPI function not implemented: __itt_state_get
1803254 : 0x3d1bc5a0e2bafa : 2 : ittapi_config_apply_per_lib :  ITTAPI function not implemented: __itt_state_set
1803254 : 0x3d1bc5a0e2c26a : 2 : ittapi_config_apply_per_lib :  ITTAPI function not implemented: __itt_obj_mode_set
1803254 : 0x3d1bc5a0e2c99d : 2 : ittapi_config_apply_per_lib :  ITTAPI function not implemented: __itt_thr_mode_set
1803254 : 0x3d1bc5a0e2d0a7 : 2 : ittapi_config_apply_per_lib :  ITTAPI function instrumented: __itt_frame_create
1803254 : 0x3d1bc5a0e2d6fa : 2 : ittapi_config_apply_per_lib :  ITTAPI function instrumented: __itt_pt_region_create
1803254 : 0x3d1bc5a0e2ddc7 : 2 : ittapi_config_apply_per_lib :  ITTAPI function instrumented: __itt_frame_begin
1803254 : 0x3d1bc5a0e2f288 : 2 : ittapi_config_apply_per_lib :  ITTAPI function instrumented: __itt_frame_end
1803254 : 0x3d1bc5a0e2fa9e : 2 : ittapi_config_apply_per_lib :  ITTAPI function not implemented: __itt_counter_destroy
1803254 : 0x3d1bc5a0e301c3 : 2 : ittapi_config_apply_per_lib :  ITTAPI function instrumented: __itt_counter_inc
1803254 : 0x3d1bc5a0e308c2 : 2 : ittapi_config_apply_per_lib :  ITTAPI function instrumented: __itt_counter_inc_delta
1803254 : 0x3d1bc5a0e30f7b : 2 : ittapi_config_apply_per_lib :  ITTAPI function instrumented: __itt_counter_dec
1803254 : 0x3d1bc5a0e315f6 : 2 : ittapi_config_apply_per_lib :  ITTAPI function instrumented: __itt_counter_dec_delta
1803254 : 0x3d1bc5a0e31cba : 2 : ittapi_config_apply_per_lib :  ITTAPI function instrumented: __itt_counter_set_value
1803254 : 0x3d1bc5a0e323c8 : 2 : ittapi_config_apply_per_lib :  ITTAPI function not implemented: __itt_counter_set_value_ex
1803254 : 0x3d1bc5a0e32ae9 : 2 : ittapi_config_apply_per_lib :  ITTAPI function not implemented: __itt_mark_create
1803254 : 0x3d1bc5a0e3325a : 2 : ittapi_config_apply_per_lib :  ITTAPI function not implemented: __itt_mark
1803254 : 0x3d1bc5a0e347a0 : 2 : ittapi_config_apply_per_lib :  ITTAPI function not implemented: __itt_mark_off
1803254 : 0x3d1bc5a0e34f98 : 2 : ittapi_config_apply_per_lib :  ITTAPI function not implemented: __itt_mark_global
1803254 : 0x3d1bc5a0e356dd : 2 : ittapi_config_apply_per_lib :  ITTAPI function not implemented: __itt_mark_global_off
1803254 : 0x3d1bc5a0e35ef3 : 2 : ittapi_config_apply_per_lib :  ITTAPI function instrumented: __itt_stack_caller_create
1803254 : 0x3d1bc5a0e365ba : 2 : ittapi_config_apply_per_lib :  ITTAPI function instrumented: __itt_stack_caller_destroy
1803254 : 0x3d1bc5a0e36c78 : 2 : ittapi_config_apply_per_lib :  ITTAPI function instrumented: __itt_stack_callee_enter
1803254 : 0x3d1bc5a0e37325 : 2 : ittapi_config_apply_per_lib :  ITTAPI function instrumented: __itt_stack_callee_leave
1803254 : 0x3d1bc5a0e37a4d : 2 : ittapi_config_apply_per_lib :  ITTAPI function not implemented: __itt_clock_domain_create
1803254 : 0x3d1bc5a0e38181 : 2 : ittapi_config_apply_per_lib :  ITTAPI function not implemented: __itt_clock_domain_reset
1803254 : 0x3d1bc5a0e3894c : 2 : ittapi_config_apply_per_lib :  ITTAPI function not implemented: __itt_id_create_ex
1803254 : 0x3d1bc5a0e3a656 : 2 : ittapi_config_apply_per_lib :  ITTAPI function not implemented: __itt_id_destroy_ex
1803254 : 0x3d1bc5a0e3ade4 : 2 : ittapi_config_apply_per_lib :  ITTAPI function not implemented: __itt_task_begin_ex
1803254 : 0x3d1bc5a0e3b5aa : 2 : ittapi_config_apply_per_lib :  ITTAPI function not implemented: __itt_task_begin_fn_ex
1803254 : 0x3d1bc5a0e3bca8 : 2 : ittapi_config_apply_per_lib :  ITTAPI function not implemented: __itt_task_end_ex
1803254 : 0x3d1bc5a0e3c3f8 : 2 : ittapi_config_apply_per_lib :  ITTAPI function instrumented: __itt_task_begin_overlapped
1803254 : 0x3d1bc5a0e3cafe : 2 : ittapi_config_apply_per_lib :  ITTAPI function not implemented: __itt_task_begin_overlapped_ex
1803254 : 0x3d1bc5a0e3d1ae : 2 : ittapi_config_apply_per_lib :  ITTAPI function instrumented: __itt_task_end_overlapped
1803254 : 0x3d1bc5a0e3d8b5 : 2 : ittapi_config_apply_per_lib :  ITTAPI function not implemented: __itt_task_end_overlapped_ex
1803254 : 0x3d1bc5a0e3e01d : 2 : ittapi_config_apply_per_lib :  ITTAPI function not implemented: __itt_marker_ex
1803254 : 0x3d1bc5a0e3e7b2 : 2 : ittapi_config_apply_per_lib :  ITTAPI function not implemented: __itt_metadata_add_with_scope
1803254 : 0x3d1bc5a0e3fe28 : 2 : ittapi_config_apply_per_lib :  ITTAPI function not implemented: __itt_metadata_str_add_with_scope
1803254 : 0x3d1bc5a0e40610 : 2 : ittapi_config_apply_per_lib :  ITTAPI function not implemented: __itt_relation_add_to_current_ex
1803254 : 0x3d1bc5a0e40d49 : 2 : ittapi_config_apply_per_lib :  ITTAPI function not implemented: __itt_relation_add_ex
1803254 : 0x3d1bc5a0e414ad : 2 : ittapi_config_apply_per_lib :  ITTAPI function not implemented: __itt_track_group_create
1803254 : 0x3d1bc5a0e41b56 : 2 : ittapi_config_apply_per_lib :  ITTAPI function not implemented: __itt_track_create
1803254 : 0x3d1bc5a0e422c0 : 2 : ittapi_config_apply_per_lib :  ITTAPI function not implemented: __itt_set_track
1803254 : 0x3d1bc5a0e42976 : 2 : ittapi_config_apply_per_lib :  ITTAPI function instrumented: __itt_api_version
1803254 : 0x3d1bc5a0e43080 : 2 : ittapi_config_apply_per_lib :  ITTAPI function not implemented: __itt_av_save
1803254 : 0x3d1bc5a0e436e5 : 2 : ittapi_config_apply_per_lib :  ITTAPI function instrumented: __itt_module_load
1803254 : 0x3d1bc5a0e43dcf : 2 : ittapi_config_apply_per_lib :  ITTAPI function not implemented: __itt_module_unload
1803254 : 0x3d1bc5a0e44e77 : 2 : ittapi_config_apply_per_lib :  ITTAPI function NOT instrumented (not matched by --itt-config option): __itt_histogram_submit

1803254 : 0x3d1bc5a0e8f888 : 2 : ittapi_config_mask_get :  --itt-config mask to be applied: 55
1803254 : 0x3d1bc5a0e9045a : 2 : ittapi_config_apply_per_lib :  ITTAPI function instrumented: __itt_domain_create
1803254 : 0x3d1bc5a0e90c1e : 2 : ittapi_config_apply_per_lib :  ITTAPI function instrumented: __itt_module_load_with_sections
1803254 : 0x3d1bc5a0e91543 : 2 : ittapi_config_apply_per_lib :  ITTAPI function not implemented: __itt_module_unload_with_sections
1803254 : 0x3d1bc5a0e91c53 : 2 : ittapi_config_apply_per_lib :  ITTAPI function instrumented: __itt_string_handle_create
1803254 : 0x3d1bc5a0e9233b : 2 : ittapi_config_apply_per_lib :  ITTAPI function instrumented: __itt_counter_create
1803254 : 0x3d1bc5a0e9296b : 2 : ittapi_config_apply_per_lib :  ITTAPI function instrumented: __itt_counter_create_typed
1803254 : 0x3d1bc5a0e930ce : 2 : ittapi_config_apply_per_lib :  ITTAPI function instrumented: __itt_pause
1803254 : 0x3d1bc5a0e93707 : 2 : ittapi_config_apply_per_lib :  ITTAPI function instrumented: __itt_resume
1803254 : 0x3d1bc5a0e96a57 : 2 : ittapi_config_apply_per_lib :  ITTAPI function instrumented: __itt_thread_set_name
1803254 : 0x3d1bc5a0e972f3 : 2 : ittapi_config_apply_per_lib :  ITTAPI function instrumented: __itt_thread_ignore
1803254 : 0x3d1bc5a0e97938 : 2 : ittapi_config_apply_per_lib :  ITTAPI function instrumented: __itt_thr_name_set
1803254 : 0x3d1bc5a0e9802a : 2 : ittapi_config_apply_per_lib :  ITTAPI function instrumented: __itt_thr_ignore
1803254 : 0x3d1bc5a0e987f5 : 2 : ittapi_config_apply_per_lib :  ITTAPI function not implemented: __itt_enable_attach
1803254 : 0x3d1bc5a0e98eda : 2 : ittapi_config_apply_per_lib :  ITTAPI function instrumented: __itt_detach
1803254 : 0x3d1bc5a0e99257 : 2 : ittapi_config_apply_per_lib :  ITTAPI function NOT instrumented (not matched by --itt-config option): __itt_sync_create

1803254 : 0x3d1bc5a0e99650 : 2 : ittapi_config_apply_per_lib :  ITTAPI function NOT instrumented (not matched by --itt-config option): __itt_sync_rename

1803254 : 0x3d1bc5a0e99a8a : 2 : ittapi_config_apply_per_lib :  ITTAPI function NOT instrumented (not matched by --itt-config option): __itt_sync_destroy

1803254 : 0x3d1bc5a0e99e45 : 2 : ittapi_config_apply_per_lib :  ITTAPI function NOT instrumented (not matched by --itt-config option): __itt_sync_prepare

1803254 : 0x3d1bc5a0e9b1bb : 2 : ittapi_config_apply_per_lib :  ITTAPI function NOT instrumented (not matched by --itt-config option): __itt_sync_cancel

1803254 : 0x3d1bc5a0e9b609 : 2 : ittapi_config_apply_per_lib :  ITTAPI function NOT instrumented (not matched by --itt-config option): __itt_sync_acquired

1803254 : 0x3d1bc5a0e9b97b : 2 : ittapi_config_apply_per_lib :  ITTAPI function NOT instrumented (not matched by --itt-config option): __itt_sync_releasing

1803254 : 0x3d1bc5a0e9c1a2 : 2 : ittapi_config_apply_per_lib :  ITTAPI function not implemented: __itt_suppress_push
1803254 : 0x3d1bc5a0e9ca11 : 2 : ittapi_config_apply_per_lib :  ITTAPI function not implemented: __itt_suppress_pop
1803254 : 0x3d1bc5a0e9d290 : 2 : ittapi_config_apply_per_lib :  ITTAPI function not implemented: __itt_suppress_mark_range
1803254 : 0x3d1bc5a0e9da50 : 2 : ittapi_config_apply_per_lib :  ITTAPI function not implemented: __itt_suppress_clear_range
1803254 : 0x3d1bc5a0e9ddbb : 2 : ittapi_config_apply_per_lib :  ITTAPI function NOT instrumented (not matched by --itt-config option): __itt_sync_prepare

1803254 : 0x3d1bc5a0e9e18f : 2 : ittapi_config_apply_per_lib :  ITTAPI function NOT instrumented (not matched by --itt-config option): __itt_sync_cancel

1803254 : 0x3d1bc5a0e9e4fe : 2 : ittapi_config_apply_per_lib :  ITTAPI function NOT instrumented (not matched by --itt-config option): __itt_sync_acquired

1803254 : 0x3d1bc5a0e9f677 : 2 : ittapi_config_apply_per_lib :  ITTAPI function NOT instrumented (not matched by --itt-config option): __itt_sync_releasing

1803254 : 0x3d1bc5a0e9fabb : 2 : ittapi_config_apply_per_lib :  ITTAPI function NOT instrumented (not matched by --itt-config option): __itt_model_site_begin

1803254 : 0x3d1bc5a0e9fe70 : 2 : ittapi_config_apply_per_lib :  ITTAPI function NOT instrumented (not matched by --itt-config option): __itt_model_site_end

1803254 : 0x3d1bc5a0ea01dc : 2 : ittapi_config_apply_per_lib :  ITTAPI function NOT instrumented (not matched by --itt-config option): __itt_model_task_begin

1803254 : 0x3d1bc5a0ea0594 : 2 : ittapi_config_apply_per_lib :  ITTAPI function NOT instrumented (not matched by --itt-config option): __itt_model_task_end

1803254 : 0x3d1bc5a0ea0911 : 2 : ittapi_config_apply_per_lib :  ITTAPI function NOT instrumented (not matched by --itt-config option): __itt_model_lock_acquire

1803254 : 0x3d1bc5a0ea0cb3 : 2 : ittapi_config_apply_per_lib :  ITTAPI function NOT instrumented (not matched by --itt-config option): __itt_model_lock_release

1803254 : 0x3d1bc5a0ea1008 : 2 : ittapi_config_apply_per_lib :  ITTAPI function NOT instrumented (not matched by --itt-config option): __itt_model_record_allocation

1803254 : 0x3d1bc5a0ea13b2 : 2 : ittapi_config_apply_per_lib :  ITTAPI function NOT instrumented (not matched by --itt-config option): __itt_model_record_deallocation

1803254 : 0x3d1bc5a0ea1749 : 2 : ittapi_config_apply_per_lib :  ITTAPI function NOT instrumented (not matched by --itt-config option): __itt_model_induction_uses

1803254 : 0x3d1bc5a0ea3005 : 2 : ittapi_config_apply_per_lib :  ITTAPI function NOT instrumented (not matched by --itt-config option): __itt_model_reduction_uses

1803254 : 0x3d1bc5a0ea3404 : 2 : ittapi_config_apply_per_lib :  ITTAPI function NOT instrumented (not matched by --itt-config option): __itt_model_observe_uses

1803254 : 0x3d1bc5a0ea375a : 2 : ittapi_config_apply_per_lib :  ITTAPI function NOT instrumented (not matched by --itt-config option): __itt_model_clear_uses

1803254 : 0x3d1bc5a0ea3ad6 : 2 : ittapi_config_apply_per_lib :  ITTAPI function NOT instrumented (not matched by --itt-config option): __itt_model_site_beginA

1803254 : 0x3d1bc5a0ea3ec2 : 2 : ittapi_config_apply_per_lib :  ITTAPI function NOT instrumented (not matched by --itt-config option): __itt_model_site_beginAL

1803254 : 0x3d1bc5a0ea422c : 2 : ittapi_config_apply_per_lib :  ITTAPI function NOT instrumented (not matched by --itt-config option): __itt_model_task_beginA

1803254 : 0x3d1bc5a0ea4588 : 2 : ittapi_config_apply_per_lib :  ITTAPI function NOT instrumented (not matched by --itt-config option): __itt_model_task_beginAL

1803254 : 0x3d1bc5a0ea48ff : 2 : ittapi_config_apply_per_lib :  ITTAPI function NOT instrumented (not matched by --itt-config option): __itt_model_iteration_taskA

1803254 : 0x3d1bc5a0ea4cb3 : 2 : ittapi_config_apply_per_lib :  ITTAPI function NOT instrumented (not matched by --itt-config option): __itt_model_iteration_taskAL

1803254 : 0x3d1bc5a0ea501f : 2 : ittapi_config_apply_per_lib :  ITTAPI function NOT instrumented (not matched by --itt-config option): __itt_model_site_end_2

1803254 : 0x3d1bc5a0ea6066 : 2 : ittapi_config_apply_per_lib :  ITTAPI function NOT instrumented (not matched by --itt-config option): __itt_model_task_end_2

1803254 : 0x3d1bc5a0ea6436 : 2 : ittapi_config_apply_per_lib :  ITTAPI function NOT instrumented (not matched by --itt-config option): __itt_model_lock_acquire_2

1803254 : 0x3d1bc5a0ea67b1 : 2 : ittapi_config_apply_per_lib :  ITTAPI function NOT instrumented (not matched by --itt-config option): __itt_model_lock_release_2

1803254 : 0x3d1bc5a0ea6ae6 : 2 : ittapi_config_apply_per_lib :  ITTAPI function NOT instrumented (not matched by --itt-config option): __itt_model_aggregate_task

1803254 : 0x3d1bc5a0ea6e9c : 2 : ittapi_config_apply_per_lib :  ITTAPI function NOT instrumented (not matched by --itt-config option): __itt_model_disable_push

1803254 : 0x3d1bc5a0ea7256 : 2 : ittapi_config_apply_per_lib :  ITTAPI function NOT instrumented (not matched by --itt-config option): __itt_model_disable_pop

1803254 : 0x3d1bc5a0ea79ad : 2 : ittapi_config_apply_per_lib :  ITTAPI function instrumented: __itt_heap_function_create
1803254 : 0x3d1bc5a0ea80b2 : 2 : ittapi_config_apply_per_lib :  ITTAPI function instrumented: __itt_heap_allocate_begin
1803254 : 0x3d1bc5a0ea8715 : 2 : ittapi_config_apply_per_lib :  ITTAPI function instrumented: __itt_heap_allocate_end
1803254 : 0x3d1bc5a0ea8dbf : 2 : ittapi_config_apply_per_lib :  ITTAPI function instrumented: __itt_heap_free_begin
1803254 : 0x3d1bc5a0eaa1fc : 2 : ittapi_config_apply_per_lib :  ITTAPI function instrumented: __itt_heap_free_end
1803254 : 0x3d1bc5a0eaa942 : 2 : ittapi_config_apply_per_lib :  ITTAPI function instrumented: __itt_heap_reallocate_begin
1803254 : 0x3d1bc5a0eab033 : 2 : ittapi_config_apply_per_lib :  ITTAPI function instrumented: __itt_heap_reallocate_end
1803254 : 0x3d1bc5a0eab7b8 : 2 : ittapi_config_apply_per_lib :  ITTAPI function not implemented: __itt_heap_internal_access_begin
1803254 : 0x3d1bc5a0eabf3d : 2 : ittapi_config_apply_per_lib :  ITTAPI function not implemented: __itt_heap_internal_access_end
1803254 : 0x3d1bc5a0eac672 : 2 : ittapi_config_apply_per_lib :  ITTAPI function not implemented: __itt_heap_record_memory_growth_begin
1803254 : 0x3d1bc5a0eace07 : 2 : ittapi_config_apply_per_lib :  ITTAPI function not implemented: __itt_heap_record_memory_growth_end
1803254 : 0x3d1bc5a0ead56b : 2 : ittapi_config_apply_per_lib :  ITTAPI function not implemented: __itt_heap_reset_detection
1803254 : 0x3d1bc5a0eadcf0 : 2 : ittapi_config_apply_per_lib :  ITTAPI function not implemented: __itt_heap_record
1803254 : 0x3d1bc5a0eae3e0 : 2 : ittapi_config_apply_per_lib :  ITTAPI function not implemented: __itt_id_create
1803254 : 0x3d1bc5a0eb038d : 2 : ittapi_config_apply_per_lib :  ITTAPI function not implemented: __itt_id_destroy
1803254 : 0x3d1bc5a0eb0b4f : 2 : ittapi_config_apply_per_lib :  ITTAPI function instrumented: __itt_get_timestamp
1803254 : 0x3d1bc5a0eb11f0 : 2 : ittapi_config_apply_per_lib :  ITTAPI function not implemented: __itt_region_begin
1803254 : 0x3d1bc5a0eb1987 : 2 : ittapi_config_apply_per_lib :  ITTAPI function not implemented: __itt_region_end
1803254 : 0x3d1bc5a0eb2040 : 2 : ittapi_config_apply_per_lib :  ITTAPI function instrumented: __itt_frame_begin_v3
1803254 : 0x3d1bc5a0eb274c : 2 : ittapi_config_apply_per_lib :  ITTAPI function instrumented: __itt_frame_end_v3
1803254 : 0x3d1bc5a0eb2d68 : 2 : ittapi_config_apply_per_lib :  ITTAPI function instrumented: __itt_frame_submit_v3
1803254 : 0x3d1bc5a0eb3520 : 2 : ittapi_config_apply_per_lib :  ITTAPI function not implemented: __itt_task_group
1803254 : 0x3d1bc5a0eb3ca9 : 2 : ittapi_config_apply_per_lib :  ITTAPI function instrumented: __itt_task_begin
1803254 : 0x3d1bc5a0eb43d4 : 2 : ittapi_config_apply_per_lib :  ITTAPI function instrumented: __itt_task_begin_fn
1803254 : 0x3d1bc5a0eb588b : 2 : ittapi_config_apply_per_lib :  ITTAPI function instrumented: __itt_task_end
1803254 : 0x3d1bc5a0eb60a4 : 2 : ittapi_config_apply_per_lib :  ITTAPI function not implemented: __itt_counter_inc_v3
1803254 : 0x3d1bc5a0eb68b6 : 2 : ittapi_config_apply_per_lib :  ITTAPI function not implemented: __itt_counter_inc_delta_v3
1803254 : 0x3d1bc5a0eb7005 : 2 : ittapi_config_apply_per_lib :  ITTAPI function not implemented: __itt_counter_dec_v3
1803254 : 0x3d1bc5a0eb778f : 2 : ittapi_config_apply_per_lib :  ITTAPI function not implemented: __itt_counter_dec_delta_v3
1803254 : 0x3d1bc5a0eb7ea8 : 2 : ittapi_config_apply_per_lib :  ITTAPI function not implemented: __itt_marker
1803254 : 0x3d1bc5a0eb860a : 2 : ittapi_config_apply_per_lib :  ITTAPI function instrumented: __itt_metadata_add
1803254 : 0x3d1bc5a0eb8d34 : 2 : ittapi_config_apply_per_lib :  ITTAPI function not implemented: __itt_metadata_str_add
1803254 : 0x3d1bc5a0eb9489 : 2 : ittapi_config_apply_per_lib :  ITTAPI function not implemented: __itt_relation_add_to_current
1803254 : 0x3d1bc5a0eb9b8e : 2 : ittapi_config_apply_per_lib :  ITTAPI function not implemented: __itt_relation_add
1803254 : 0x3d1bc5a0ebafe0 : 2 : ittapi_config_apply_per_lib :  ITTAPI function instrumented: __itt_event_create
1803254 : 0x3d1bc5a0ebb75c : 2 : ittapi_config_apply_per_lib :  ITTAPI function instrumented: __itt_event_start
1803254 : 0x3d1bc5a0ebbdaa : 2 : ittapi_config_apply_per_lib :  ITTAPI function instrumented: __itt_event_end
1803254 : 0x3d1bc5a0ebc1b0 : 2 : ittapi_config_apply_per_lib :  ITTAPI function NOT instrumented (not matched by --itt-config option): __itt_sync_set_name

1803254 : 0x3d1bc5a0ebc55f : 2 : ittapi_config_apply_per_lib :  ITTAPI function NOT instrumented (not matched by --itt-config option): __itt_notify_sync_name

1803254 : 0x3d1bc5a0ebc903 : 2 : ittapi_config_apply_per_lib :  ITTAPI function NOT instrumented (not matched by --itt-config option): __itt_notify_sync_prepare

1803254 : 0x3d1bc5a0ebcc4c : 2 : ittapi_config_apply_per_lib :  ITTAPI function NOT instrumented (not matched by --itt-config option): __itt_notify_sync_cancel

1803254 : 0x3d1bc5a0ebcfe9 : 2 : ittapi_config_apply_per_lib :  ITTAPI function NOT instrumented (not matched by --itt-config option): __itt_notify_sync_acquired

1803254 : 0x3d1bc5a0ebd34f : 2 : ittapi_config_apply_per_lib :  ITTAPI function NOT instrumented (not matched by --itt-config option): __itt_notify_sync_releasing

1803254 : 0x3d1bc5a0ebda7f : 2 : ittapi_config_apply_per_lib :  ITTAPI function not implemented: __itt_memory_read
1803254 : 0x3d1bc5a0ebf708 : 2 : ittapi_config_apply_per_lib :  ITTAPI function not implemented: __itt_memory_write
1803254 : 0x3d1bc5a0ebff37 : 2 : ittapi_config_apply_per_lib :  ITTAPI function not implemented: __itt_memory_update
1803254 : 0x3d1bc5a0ec0668 : 2 : ittapi_config_apply_per_lib :  ITTAPI function not implemented: __itt_state_get
1803254 : 0x3d1bc5a0ec0da2 : 2 : ittapi_config_apply_per_lib :  ITTAPI function not implemented: __itt_state_set
1803254 : 0x3d1bc5a0ec14e0 : 2 : ittapi_config_apply_per_lib :  ITTAPI function not implemented: __itt_obj_mode_set
1803254 : 0x3d1bc5a0ec1c3f : 2 : ittapi_config_apply_per_lib :  ITTAPI function not implemented: __itt_thr_mode_set
1803254 : 0x3d1bc5a0ec2258 : 2 : ittapi_config_apply_per_lib :  ITTAPI function instrumented: __itt_frame_create
1803254 : 0x3d1bc5a0ec28f4 : 2 : ittapi_config_apply_per_lib :  ITTAPI function instrumented: __itt_pt_region_create
1803254 : 0x3d1bc5a0ec2f39 : 2 : ittapi_config_apply_per_lib :  ITTAPI function instrumented: __itt_frame_begin
1803254 : 0x3d1bc5a0ec360a : 2 : ittapi_config_apply_per_lib :  ITTAPI function instrumented: __itt_frame_end
1803254 : 0x3d1bc5a0ec4c44 : 2 : ittapi_config_apply_per_lib :  ITTAPI function not implemented: __itt_counter_destroy
1803254 : 0x3d1bc5a0ec5352 : 2 : ittapi_config_apply_per_lib :  ITTAPI function instrumented: __itt_counter_inc
1803254 : 0x3d1bc5a0ec5a4d : 2 : ittapi_config_apply_per_lib :  ITTAPI function instrumented: __itt_counter_inc_delta
1803254 : 0x3d1bc5a0ec60e5 : 2 : ittapi_config_apply_per_lib :  ITTAPI function instrumented: __itt_counter_dec
1803254 : 0x3d1bc5a0ec67d0 : 2 : ittapi_config_apply_per_lib :  ITTAPI function instrumented: __itt_counter_dec_delta
1803254 : 0x3d1bc5a0ec6e18 : 2 : ittapi_config_apply_per_lib :  ITTAPI function instrumented: __itt_counter_set_value
1803254 : 0x3d1bc5a0ec756e : 2 : ittapi_config_apply_per_lib :  ITTAPI function not implemented: __itt_counter_set_value_ex
1803254 : 0x3d1bc5a0ec7c3f : 2 : ittapi_config_apply_per_lib :  ITTAPI function not implemented: __itt_mark_create
1803254 : 0x3d1bc5a0ec840a : 2 : ittapi_config_apply_per_lib :  ITTAPI function not implemented: __itt_mark
1803254 : 0x3d1bc5a0ec8b75 : 2 : ittapi_config_apply_per_lib :  ITTAPI function not implemented: __itt_mark_off
1803254 : 0x3d1bc5a0eca09a : 2 : ittapi_config_apply_per_lib :  ITTAPI function not implemented: __itt_mark_global
1803254 : 0x3d1bc5a0eca8a0 : 2 : ittapi_config_apply_per_lib :  ITTAPI function not implemented: __itt_mark_global_off
1803254 : 0x3d1bc5a0ecafad : 2 : ittapi_config_apply_per_lib :  ITTAPI function instrumented: __itt_stack_caller_create
1803254 : 0x3d1bc5a0ecb6bd : 2 : ittapi_config_apply_per_lib :  ITTAPI function instrumented: __itt_stack_caller_destroy
1803254 : 0x3d1bc5a0ecbd7b : 2 : ittapi_config_apply_per_lib :  ITTAPI function instrumented: __itt_stack_callee_enter
1803254 : 0x3d1bc5a0ecc456 : 2 : ittapi_config_apply_per_lib :  ITTAPI function instrumented: __itt_stack_callee_leave
1803254 : 0x3d1bc5a0eccb10 : 2 : ittapi_config_apply_per_lib :  ITTAPI function not implemented: __itt_clock_domain_create
1803254 : 0x3d1bc5a0ecd288 : 2 : ittapi_config_apply_per_lib :  ITTAPI function not implemented: __itt_clock_domain_reset
1803254 : 0x3d1bc5a0ecd9ad : 2 : ittapi_config_apply_per_lib :  ITTAPI function not implemented: __itt_id_create_ex
1803254 : 0x3d1bc5a0ece0fc : 2 : ittapi_config_apply_per_lib :  ITTAPI function not implemented: __itt_id_destroy_ex
1803254 : 0x3d1bc5a0ecf5ed : 2 : ittapi_config_apply_per_lib :  ITTAPI function not implemented: __itt_task_begin_ex
1803254 : 0x3d1bc5a0ecfda8 : 2 : ittapi_config_apply_per_lib :  ITTAPI function not implemented: __itt_task_begin_fn_ex
1803254 : 0x3d1bc5a0ed0503 : 2 : ittapi_config_apply_per_lib :  ITTAPI function not implemented: __itt_task_end_ex
1803254 : 0x3d1bc5a0ed0ba5 : 2 : ittapi_config_apply_per_lib :  ITTAPI function instrumented: __itt_task_begin_overlapped
1803254 : 0x3d1bc5a0ed1327 : 2 : ittapi_config_apply_per_lib :  ITTAPI function not implemented: __itt_task_begin_overlapped_ex
1803254 : 0x3d1bc5a0ed1985 : 2 : ittapi_config_apply_per_lib :  ITTAPI function instrumented: __itt_task_end_overlapped
1803254 : 0x3d1bc5a0ed20bf : 2 : ittapi_config_apply_per_lib :  ITTAPI function not implemented: __itt_task_end_overlapped_ex
1803254 : 0x3d1bc5a0ed2792 : 2 : ittapi_config_apply_per_lib :  ITTAPI function not implemented: __itt_marker_ex
1803254 : 0x3d1bc5a0ed2f33 : 2 : ittapi_config_apply_per_lib :  ITTAPI function not implemented: __itt_metadata_add_with_scope
1803254 : 0x3d1bc5a0ed3673 : 2 : ittapi_config_apply_per_lib :  ITTAPI function not implemented: __itt_metadata_str_add_with_scope
1803254 : 0x3d1bc5a0ed529c : 2 : ittapi_config_apply_per_lib :  ITTAPI function not implemented: __itt_relation_add_to_current_ex
1803254 : 0x3d1bc5a0ed5a64 : 2 : ittapi_config_apply_per_lib :  ITTAPI function not implemented: __itt_relation_add_ex
1803254 : 0x3d1bc5a0ed614e : 2 : ittapi_config_apply_per_lib :  ITTAPI function not implemented: __itt_track_group_create
1803254 : 0x3d1bc5a0ed684d : 2 : ittapi_config_apply_per_lib :  ITTAPI function not implemented: __itt_track_create
1803254 : 0x3d1bc5a0ed6f36 : 2 : ittapi_config_apply_per_lib :  ITTAPI function not implemented: __itt_set_track
1803254 : 0x3d1bc5a0ed7634 : 2 : ittapi_config_apply_per_lib :  ITTAPI function instrumented: __itt_api_version
1803254 : 0x3d1bc5a0ed7cd4 : 2 : ittapi_config_apply_per_lib :  ITTAPI function not implemented: __itt_av_save
1803254 : 0x3d1bc5a0ed83c3 : 2 : ittapi_config_apply_per_lib :  ITTAPI function instrumented: __itt_module_load
1803254 : 0x3d1bc5a0ed8aa5 : 2 : ittapi_config_apply_per_lib :  ITTAPI function not implemented: __itt_module_unload