11 [139787745449856] INFO perfrun.launcher <> - Launcher main begin
12 [139787745449856] INFO perfrun.launcher <> - MessageCatalogInit finished
12 [139787745449856] INFO perfrun.launcher <> - Launcher instance created
12 [139787745449856] INFO perfrun.launcher <> - argc = 7; cmdline = /software/intel/oneapi_hpc_2022.1/vtune/2022.0.0/bin64/amplxe-runss --ui-output-format xml --ui-output-fd 5 --option-file /home/aoviedo/hpc-finance/assignments/assignment_2/r000tr/config/runss.options 
67 [139787745449856] INFO perfrun.launcher <> - create msngr2::ICliToolContext
67 [139787745449856] INFO perfrun.launcher <> - create file finder object
67 [139787745449856] INFO perfrun.launcher <> - create a result directory: pattern = /home/aoviedo/hpc-finance/assignments/assignment_2/r000tr pid = 4294967295
69 [139787745449856] INFO perfrun.sdk <> - checked that the directory /home/aoviedo/hpc-finance/assignments/assignment_2/r000tr is a local directory
69 [139787745449856] INFO perfrun.sdk <> - the directory /home/aoviedo/hpc-finance/assignments/assignment_2/r000tr is located on a share or its FS ID is unknown 1196443219
69 [139787745449856] INFO perfrun.sdk <> - checked that the directory /scratch/local/jobs/30463156/amplxe-tmp-aoviedo is a local directory
69 [139787745449856] INFO perfrun.sdk <> - the directory /scratch/local/jobs/30463156/amplxe-tmp-aoviedo is a local directory with FS type ID 1481003842
69 [139787745449856] INFO perfrun.launcher <> - Create a local result directory /scratch/local/jobs/30463156/amplxe-tmp-aoviedo/amplxe-res-1803249-210359336726667186 due to the user result path /home/aoviedo/hpc-finance/assignments/assignment_2/r000tr is located on a share
69 [139787745449856] INFO perfrun.launcher <> - create data directory = /scratch/local/jobs/30463156/amplxe-tmp-aoviedo/amplxe-res-1803249-210359336726667186/data.0
70 [139787745449856] INFO perfrun.launcher <> - create data directory = /home/aoviedo/hpc-finance/assignments/assignment_2/r000tr/data.0
70 [139787745449856] INFO perfrun.launcher <> - Creating the master collection flag
72 [139787745449856] INFO perfrun.launcher <> - Done creating the master collection flag
75 [139787618719488] INFO perfrun.launcher <> - plugin [remoteplug] was disabled because it doesn't support the given collection type.
75 [139787618719488] INFO perfrun.sdk <> - Allocating TMU :/scratch/local/jobs/30463156/amplxe-tmp-aoviedo/amplxe-res-1803249-210359336726667186/data.0/systemcollector-1803249-midway3-0008.rcc.local.sc
75 [139787618719488] INFO perfrun.system <> - Tpss based collection
76 [139787618719488] INFO perfrun.launcher <> - plugin [ptracecollector] was disabled because it doesn't support the given collection type.
76 [139787618719488] INFO perfrun.launcher <> - plugin [gpu] was disabled because it doesn't support the given collection type.
76 [139787618719488] INFO perfrun.launcher <> - plugin [] was disabled because it doesn't support the given collection type.
76 [139787618719488] INFO perfrun.launcher <> - plugin [] was disabled because it doesn't support the given collection type.
76 [139787618719488] INFO perfrun.launcher <> - plugin [] was disabled because it doesn't support the given collection type.
76 [139787618719488] INFO perfrun.mrte <> - system-wide mode is 0
76 [139787618719488] INFO perfrun.mrte <> - Getting  mrte profiling environment ...
111 [139787618719488] INFO perfrun.mrte <> - INTEL_MRTE_DATA_DIR=/scratch/local/jobs/30463156/amplxe-tmp-aoviedo/amplxe-res-1803249-210359336726667186/data.0
111 [139787618719488] INFO perfrun.mrte <> - INTEL_MRTE_HOST_NAME=midway3-0008.rcc.local
111 [139787618719488] INFO perfrun.mrte <> - JAVA_TOOL_OPTIONS=-agentlib:amplxe_tpssmrte_javaprof_1.0 -Dsun.boot.library.path=/software/intel/oneapi_hpc_2022.1/vtune/2022.0.0/lib32/runtime:/software/intel/oneapi_hpc_2022.1/vtune/2022.0.0/lib64/runtime
111 [139787618719488] INFO perfrun.mrte <> - LD_LIBRARY_PATH=/software/intel/oneapi_hpc_2022.1/vtune/2022.0.0/lib32/runtime:/software/intel/oneapi_hpc_2022.1/vtune/2022.0.0/lib64/runtime:/software/intel/oneapi_hpc_2022.1/mkl/2022.0.2/lib/intel64:/software/intel/oneapi_hpc_2022.1/compiler/2022.0.2/linux/lib:/software/intel/oneapi_hpc_2022.1/compiler/2022.0.2/linux/lib/x64:/software/intel/oneapi_hpc_2022.1/compiler/2022.0.2/linux/compiler/lib/intel64_lin:/software/intel/oneapi_hpc_2022.1/tbb/2021.5.1/lib/intel64/gcc4.8:/software/intel/oneapi_hpc_2022.1/compiler/2022.0.1/linux/compiler/lib/intel64_lin:/software/intel/oneapi_hpc_2022.1/compiler/2022.0.1/linux/lib:/software/slurm-current-el8-x86_64/lib
112 [139787618719488] INFO perfrun.mrte <> - CORECLR_ENABLE_PROFILING=1
112 [139787618719488] INFO perfrun.mrte <> - CORECLR_PROFILER={AA5E4821-E3B1-479c-B7FF-5AD047D22CED}
112 [139787618719488] INFO perfrun.mrte <> - CORECLR_PROFILER_PATH=/software/intel/oneapi_hpc_2022.1/vtune/2022.0.0/lib64/libamplxe_samplingmrte_clrprof_1.0.so
112 [139787618719488] INFO perfrun.mrte <> - INTEL_MRTE_PROFILER_MODE=mixed
112 [139787618719488] INFO perfrun.mrte <> - Data directory: /scratch/local/jobs/30463156/amplxe-tmp-aoviedo/amplxe-res-1803249-210359336726667186/data.0
112 [139787618719488] INFO perfrun.mrte <> - Mrte plugin is initialized
112 [139787618719488] INFO perfrun.launcher <> - plugin [emon] was disabled because it doesn't support the given collection type.
112 [139787618719488] INFO perfrun.launcher <> - plugin [cuscol] was disabled because it doesn't support the given collection type.
112 [139787618719488] INFO perfrun.launcher <> - plugin [stdsrc] was disabled because it doesn't support the given collection type.
112 [139787618719488] INFO perfrun.launcher <> - plugin [sep] was disabled because it doesn't support the given collection type.
112 [139787618719488] INFO perfrun.launcher <> - plugin [vtsspp] was disabled because it doesn't support the given collection type.
112 [139787618719488] INFO perfrun.launcher <> - plugin [perf] was disabled because it doesn't support the given collection type.
112 [139787618719488] INFO perfrun.launcher <> - plugin [aoclprofile] was disabled because it doesn't support the given collection type.
112 [139787618719488] INFO perfrun.tpss <> - initialize tpss controller
112 [139787618719488] INFO perfrun.tpss <> - configure collection mode: value = cpu:counters:nostack
112 [139787618719488] INFO perfrun.tpss <> - configure collection mode: value = cpu:stack
112 [139787618719488] INFO perfrun.tpss <> - configure collection mode: value = threading:stack
112 [139787618719488] INFO perfrun.tpss <> - configure collection mode: value = waiting:stack
112 [139787618719488] INFO perfrun.tpss <> - configure collection mode: value = io:stack
112 [139787618719488] INFO perfrun.tpss <> - default obj-size-min=1024
112 [139787618719488] INFO perfrun.tpss <> - default hash-table-size=0
112 [139787618719488] INFO perfrun.launcher <> - plugin [exprof] was disabled because it doesn't support the given collection type.
112 [139787618719488] INFO perfrun.launcher <> - plugin [media] was disabled because it doesn't support the given collection type.
112 [139787618719488] INFO perfrun.launcher <> - plugin [] was disabled because it doesn't support the given collection type.
112 [139787618719488] INFO perfrun.launcher <> - plugin [] was disabled because it doesn't support the given collection type.
112 [139787618719488] INFO perfrun.launcher <> - plugin [parallelfs] was disabled because it doesn't support the given collection type.
112 [139787618719488] INFO perfrun.launcher <> - plugin [power] was disabled because it doesn't support the given collection type.
112 [139787618719488] INFO perfrun.launcher <> - plugin [hwloc] was disabled because it doesn't support the given collection type.
112 [139787618719488] INFO perfrun.launcher <> - plugin [ipmwatch] was disabled because it doesn't support the given collection type.
112 [139787618719488] INFO perfrun.launcher <> - plugin [os_counters] was disabled because it doesn't support the given collection type.
112 [139787618719488] INFO perfrun.launcher <> - plugin [l0_metrics] was disabled because it doesn't support the given collection type.
112 [139787745449856] INFO perfrun.launcher <> - set environment variable: LD_LIBRARY_PATH = /software/intel/oneapi_hpc_2022.1/vtune/2022.0.0/lib32/runtime:/software/intel/oneapi_hpc_2022.1/vtune/2022.0.0/lib64/runtime:/software/intel/oneapi_hpc_2022.1/mkl/2022.0.2/lib/intel64:/software/intel/oneapi_hpc_2022.1/compiler/2022.0.2/linux/lib:/software/intel/oneapi_hpc_2022.1/compiler/2022.0.2/linux/lib/x64:/software/intel/oneapi_hpc_2022.1/compiler/2022.0.2/linux/compiler/lib/intel64_lin:/software/intel/oneapi_hpc_2022.1/tbb/2021.5.1/lib/intel64/gcc4.8:/software/intel/oneapi_hpc_2022.1/compiler/2022.0.1/linux/compiler/lib/intel64_lin:/software/intel/oneapi_hpc_2022.1/compiler/2022.0.1/linux/lib:/software/slurm-current-el8-x86_64/lib
112 [139787745449856] INFO perfrun.launcher <> - set environment variable: INTEL_LIBITTNOTIFY32 = /software/intel/oneapi_hpc_2022.1/vtune/2022.0.0/lib32/runtime/libittnotify_collector.so
112 [139787745449856] INFO perfrun.launcher <> - set environment variable: INTEL_LIBITTNOTIFY64 = /software/intel/oneapi_hpc_2022.1/vtune/2022.0.0/lib64/runtime/libittnotify_collector.so
112 [139787745449856] INFO perfrun.launcher <> - set environment variable: INTEL_ITTNOTIFY_GROUPS = 
112 [139787745449856] INFO perfrun.launcher <> - set environment variable: INTEL_JIT_PROFILER32 = /software/intel/oneapi_hpc_2022.1/vtune/2022.0.0/lib32/runtime/libittnotify_collector.so
112 [139787745449856] INFO perfrun.launcher <> - set environment variable: INTEL_JIT_PROFILER64 = /software/intel/oneapi_hpc_2022.1/vtune/2022.0.0/lib64/runtime/libittnotify_collector.so
112 [139787745449856] INFO perfrun.launcher <> - set environment variable: VS_PROFILER = libittnotify_collector.so
112 [139787745449856] INFO perfrun.launcher <> - set environment variable: OMP_TOOL_LIBRARIES = /software/intel/oneapi_hpc_2022.1/vtune/2022.0.0/lib32/runtime/libittnotify_collector.so:/software/intel/oneapi_hpc_2022.1/vtune/2022.0.0/lib64/runtime/libittnotify_collector.so
112 [139787745449856] INFO perfrun.launcher <> - set environment variable: ENABLE_JITPROFILING = 1
112 [139787745449856] INFO perfrun.launcher <> - set environment variable: CL_CONFIG_USE_VTUNE = True
112 [139787745449856] INFO perfrun.launcher <> - set environment variable: INTEL_MRTE_DATA_DIR = /scratch/local/jobs/30463156/amplxe-tmp-aoviedo/amplxe-res-1803249-210359336726667186/data.0
113 [139787745449856] INFO perfrun.launcher <> - set environment variable: INTEL_MRTE_HOST_NAME = midway3-0008.rcc.local
113 [139787745449856] INFO perfrun.launcher <> - set environment variable: JAVA_TOOL_OPTIONS = -agentlib:amplxe_tpssmrte_javaprof_1.0 -Dsun.boot.library.path=/software/intel/oneapi_hpc_2022.1/vtune/2022.0.0/lib32/runtime:/software/intel/oneapi_hpc_2022.1/vtune/2022.0.0/lib64/runtime
113 [139787745449856] INFO perfrun.launcher <> - set environment variable: LD_LIBRARY_PATH = /software/intel/oneapi_hpc_2022.1/vtune/2022.0.0/lib32/runtime:/software/intel/oneapi_hpc_2022.1/vtune/2022.0.0/lib64/runtime:/software/intel/oneapi_hpc_2022.1/mkl/2022.0.2/lib/intel64:/software/intel/oneapi_hpc_2022.1/compiler/2022.0.2/linux/lib:/software/intel/oneapi_hpc_2022.1/compiler/2022.0.2/linux/lib/x64:/software/intel/oneapi_hpc_2022.1/compiler/2022.0.2/linux/compiler/lib/intel64_lin:/software/intel/oneapi_hpc_2022.1/tbb/2021.5.1/lib/intel64/gcc4.8:/software/intel/oneapi_hpc_2022.1/compiler/2022.0.1/linux/compiler/lib/intel64_lin:/software/intel/oneapi_hpc_2022.1/compiler/2022.0.1/linux/lib:/software/slurm-current-el8-x86_64/lib
113 [139787745449856] INFO perfrun.launcher <> - set environment variable: CORECLR_ENABLE_PROFILING = 1
113 [139787745449856] INFO perfrun.launcher <> - set environment variable: CORECLR_PROFILER = {AA5E4821-E3B1-479c-B7FF-5AD047D22CED}
113 [139787745449856] INFO perfrun.launcher <> - set environment variable: CORECLR_PROFILER_PATH = /software/intel/oneapi_hpc_2022.1/vtune/2022.0.0/lib64/libamplxe_samplingmrte_clrprof_1.0.so
113 [139787745449856] INFO perfrun.launcher <> - set environment variable: INTEL_MRTE_PROFILER_MODE = mixed
113 [139787745449856] INFO perfrun.launcher <> - RpcServer: run RPC server to handle requests
113 [139787745449856] INFO perfrun.launcher <> - Launcher: command line to start before modification = ./assignment_2
113 [139787745449856] INFO perfrun.launcher <> - Launcher: command line to start after modification = /software/intel/oneapi_hpc_2022.1/vtune/2022.0.0/bin64/pin -error_file /scratch/local/jobs/30463156/amplxe-tmp-aoviedo/amplxe-res-1803249-210359336726667186/data.0/pinerr.tpsslog -detach_reattach -follow_execv -tool_load_option deepbind -t64 /software/intel/oneapi_hpc_2022.1/vtune/2022.0.0/lib64/libtpsstool.so -t /software/intel/oneapi_hpc_2022.1/vtune/2022.0.0/lib32/libtpsstool.so -server_name tpss_ipc.1803249 -prd_dir /software/intel/oneapi_hpc_2022.1/vtune/2022.0.0 -- ./assignment_2
113 [139787745449856] INFO perfrun.launcher <> - ProcessCreator object was created
114 [139787745449856] INFO perfrun.launcher <> - Launcher: the process was started in suspend mode
118 [139787618719488] WARN perfrun.system <> - Could not do anything with /sys/kernel/debug/kvm: boost::filesystem::status: Permission denied: "/sys/kernel/debug/kvm", at file: vcs/perfrun1/plugins/system/src/trace_writer.cpp:797
118 [139787618719488] WARN perfrun.system <> - Folder "/var/run/libvirt/qemu/"doesn't exist, at file: vcs/perfrun1/plugins/system/src/trace_writer.cpp:810
121 [139787618719488] INFO perfrun.sdk <> - runCmd: "/software/intel/oneapi_hpc_2022.1/vtune/2022.0.0/bin64/sep" -platform-info
122 [139787618719488] INFO perfrun.sdk <> - runCmd started PID 1803255
134 [139787618719488] WARN perfrun.sdk <> - SEP driver is not available, at file: vcs/perfrun1/plugins/pluginsdk/src/device_mapper.cpp:756
134 [139787618719488] INFO perfrun.sdk <> - runCmd: "/software/intel/oneapi_hpc_2022.1/vtune/2022.0.0/bin64/amplxe-perf" stat --iiostat=show
135 [139787618719488] INFO perfrun.sdk <> - runCmd started PID 1803256
140 [139787618719488] WARN perfrun.sdk <> - Device mapping through perf is not available on current kernel, at file: vcs/perfrun1/plugins/pluginsdk/src/device_mapper.cpp:954
143 [139787618719488] INFO perfrun.sdk <> - runCmd: "/software/intel/oneapi_hpc_2022.1/vtune/2022.0.0/bin64/sep" -platform-info
144 [139787618719488] INFO perfrun.sdk <> - runCmd started PID 1803257
153 [139787618719488] WARN perfrun.sdk <> - SEP driver is not available, at file: vcs/perfrun1/plugins/pluginsdk/src/device_mapper.cpp:756
153 [139787618719488] WARN perfrun.sdk <> - Failed to find xl binary on any of the system paths: /bin, /sbin, /usr/bin, /usr/sbin., at file: vcs/perfrun1/sdk/src/utils.cpp:198
153 [139787618719488] WARN perfrun.system <> - Could not start ContainerMapping collector, at file: vcs/perfrun1/plugins/system/src/controller.cpp:458
238 [139787618719488] INFO perfrun.vdso <> - Helper runtool '/software/intel/oneapi_hpc_2022.1/vtune/2022.0.0/bin32/amplxe-runss -dump-vdso -r /scratch/local/jobs/30463156/amplxe-tmp-aoviedo/amplxe-res-1803249-210359336726667186 --tmp-dir /scratch/local/jobs/30463156/amplxe-tmp-aoviedo' returned 0
342 [139787618719488] INFO perfrun.vdso <> - Helper runtool '/software/intel/oneapi_hpc_2022.1/vtune/2022.0.0/bin64/amplxe-runss -dump-vdso -r /scratch/local/jobs/30463156/amplxe-tmp-aoviedo/amplxe-res-1803249-210359336726667186 --tmp-dir /scratch/local/jobs/30463156/amplxe-tmp-aoviedo' returned 0
342 [139787618719488] INFO perfrun.itt <> - start itt controller for pid #1803254
342 [139787618719488] INFO perfrun.tpss <> - start tpss controller for pid #1803254
392 [139787745449856] INFO perfrun.launcher <> - Launcher: all plugins were started
392 [139787745449856] INFO perfrun.launcher <> - DirectoryMonitor object was created
392 [139787745449856] INFO perfrun.launcher <> - DirectoryMonitor: a callback was added
392 [139787745449856] INFO perfrun.launcher <> - DirectoryMonitor was started with pingTime = 1000
392 [139787745449856] INFO perfrun.launcher <> - DeadlineTimer is going to be constructed
392 [139787745449856] INFO perfrun.launcher <> - DeadlineTimer: a callback was added
395 [139787745449856] INFO perfrun.launcher <> - Launcher: resume the profiled application and  wait its termination or stop command
16173 [139787745449856] INFO perfrun.launcher <> - Launcher: the profiled application was terminated  with exit code = 0
16178 [139787618719488] INFO perfrun.itt <> - detach itt controller
16178 [139787618719488] INFO perfrun.itt <> - detach itt controller done
16178 [139787618719488] INFO perfrun.tpss <> - stop tpss controller
16178 [139787618719488] INFO perfrun.sdk <> - De-allocating TMU: /scratch/local/jobs/30463156/amplxe-tmp-aoviedo/amplxe-res-1803249-210359336726667186/data.0/systemcollector-1803249-midway3-0008.rcc.local.sc
16178 [139787618719488] INFO perfrun.system <> - closed the system trace file: /scratch/local/jobs/30463156/amplxe-tmp-aoviedo/amplxe-res-1803249-210359336726667186/data.0/systemcollector-1803249-midway3-0008.rcc.local.sc
16178 [139787745449856] INFO perfrun.launcher <> - Launcher: all plugins were stopped.
16178 [139787745449856] INFO perfrun.launcher <> - DeadlineTimer is going to be destroyed
16178 [139787745449856] INFO perfrun.launcher <> - DeadlineTimer was destroyed
16178 [139787745449856] INFO perfrun.launcher <> - DirectoryMonitor object was destroyed
16178 [139787745449856] WARN perfrun.launcher <> - Stop command is ignored because it is received when collection is already stopped, at file: vcs/perfrun1/launcher/src/command_handler.cpp:212
16192 [139787745449856] INFO perfrun.launcher <> - Application exit code: 0
16192 [139787745449856] INFO perfrun.launcher <> - Exit code: 0
