10 [4133083392] INFO perfrun.launcher <> - Launcher main begin
11 [4133083392] INFO perfrun.launcher <> - MessageCatalogInit finished
11 [4133083392] INFO perfrun.launcher <> - Launcher instance created
11 [4133083392] INFO perfrun.launcher <> - argc = 6; cmdline = /software/intel/oneapi_hpc_2022.1/vtune/2022.0.0/bin32/amplxe-runss -dump-vdso -r /scratch/local/jobs/30463156/amplxe-tmp-aoviedo/amplxe-res-1803249-210359336726667186 --tmp-dir /scratch/local/jobs/30463156/amplxe-tmp-aoviedo 
27 [4133083392] INFO perfrun.launcher <> - create msngr2::ICliToolContext
27 [4133083392] INFO perfrun.launcher <> - create file finder object
31 [4132408128] INFO perfrun.launcher <> - plugin [remoteplug] was disabled because it doesn't support the given collection type.
31 [4132408128] INFO perfrun.launcher <> - plugin [] was disabled because it doesn't support the given collection type.
31 [4132408128] INFO perfrun.vdso <> - dumping [vdso] pseudomodule
32 [4132408128] INFO perfrun.launcher <> - plugin [] was disabled because it doesn't support the given collection type.
32 [4132408128] INFO perfrun.launcher <> - plugin [] was disabled because it doesn't support the given collection type.
32 [4132408128] INFO perfrun.launcher <> - plugin [] was disabled because it doesn't support the given collection type.
32 [4132408128] INFO perfrun.launcher <> - plugin [] was disabled because it doesn't support the given collection type.
32 [4132408128] INFO perfrun.launcher <> - plugin [] was disabled because it doesn't support the given collection type.
32 [4132408128] INFO perfrun.launcher <> - plugin [] was disabled because it doesn't support the given collection type.
32 [4132408128] INFO perfrun.launcher <> - plugin [] was disabled because it doesn't support the given collection type.
32 [4132408128] INFO perfrun.launcher <> - plugin [] was disabled because it doesn't support the given collection type.
32 [4132408128] INFO perfrun.launcher <> - plugin [] was disabled because it doesn't support the given collection type.
32 [4132408128] INFO perfrun.launcher <> - plugin [] was disabled because it doesn't support the given collection type.
32 [4132408128] INFO perfrun.launcher <> - plugin [] was disabled because it doesn't support the given collection type.
32 [4132408128] INFO perfrun.launcher <> - plugin [] was disabled because it doesn't support the given collection type.
32 [4132408128] INFO perfrun.launcher <> - plugin [] was disabled because it doesn't support the given collection type.
32 [4132408128] INFO perfrun.launcher <> - plugin [] was disabled because it doesn't support the given collection type.
32 [4132408128] INFO perfrun.launcher <> - plugin [] was disabled because it doesn't support the given collection type.
32 [4132408128] INFO perfrun.launcher <> - plugin [] was disabled because it doesn't support the given collection type.
32 [4132408128] INFO perfrun.launcher <> - plugin [] was disabled because it doesn't support the given collection type.
32 [4132408128] INFO perfrun.launcher <> - plugin [] was disabled because it doesn't support the given collection type.
32 [4132408128] INFO perfrun.launcher <> - plugin [] was disabled because it doesn't support the given collection type.
32 [4132408128] INFO perfrun.launcher <> - plugin [] was disabled because it doesn't support the given collection type.
32 [4132408128] INFO perfrun.launcher <> - plugin [] was disabled because it doesn't support the given collection type.
32 [4132408128] INFO perfrun.launcher <> - plugin [] was disabled because it doesn't support the given collection type.
32 [4132408128] INFO perfrun.launcher <> - plugin [] was disabled because it doesn't support the given collection type.
32 [4132408128] INFO perfrun.launcher <> - plugin [] was disabled because it doesn't support the given collection type.
32 [4132408128] INFO perfrun.launcher <> - plugin [] was disabled because it doesn't support the given collection type.
32 [4133083392] INFO perfrun.launcher <> - Application exit code: 0
33 [4133083392] INFO perfrun.launcher <> - Exit code: 0
